Archive member included to satisfy reference by file (symbol)

/opt/homebrew/Cellar/arm-none-eabi-gcc/10.3-2021.10/gcc/bin/../lib/gcc/arm-none-eabi/10.3.1/../../../../arm-none-eabi/lib/thumb/v7e-m+fp/hard/libc.a(lib_a-ctype_.o)
                              _build/nrf_log_str_formatter.o (_ctype_)
/opt/homebrew/Cellar/arm-none-eabi-gcc/10.3-2021.10/gcc/bin/../lib/gcc/arm-none-eabi/10.3.1/../../../../arm-none-eabi/lib/thumb/v7e-m+fp/hard/libc.a(lib_a-exit.o)
                              /opt/homebrew/Cellar/arm-none-eabi-gcc/10.3-2021.10/gcc/bin/../lib/gcc/arm-none-eabi/10.3.1/../../../../arm-none-eabi/lib/thumb/v7e-m+fp/hard/crt0.o (exit)
/opt/homebrew/Cellar/arm-none-eabi-gcc/10.3-2021.10/gcc/bin/../lib/gcc/arm-none-eabi/10.3.1/../../../../arm-none-eabi/lib/thumb/v7e-m+fp/hard/libc.a(lib_a-impure.o)
                              /opt/homebrew/Cellar/arm-none-eabi-gcc/10.3-2021.10/gcc/bin/../lib/gcc/arm-none-eabi/10.3.1/../../../../arm-none-eabi/lib/thumb/v7e-m+fp/hard/libc.a(lib_a-exit.o) (_global_impure_ptr)
/opt/homebrew/Cellar/arm-none-eabi-gcc/10.3-2021.10/gcc/bin/../lib/gcc/arm-none-eabi/10.3.1/../../../../arm-none-eabi/lib/thumb/v7e-m+fp/hard/libc.a(lib_a-init.o)
                              /opt/homebrew/Cellar/arm-none-eabi-gcc/10.3-2021.10/gcc/bin/../lib/gcc/arm-none-eabi/10.3.1/../../../../arm-none-eabi/lib/thumb/v7e-m+fp/hard/crt0.o (__libc_init_array)
/opt/homebrew/Cellar/arm-none-eabi-gcc/10.3-2021.10/gcc/bin/../lib/gcc/arm-none-eabi/10.3.1/../../../../arm-none-eabi/lib/thumb/v7e-m+fp/hard/libc.a(lib_a-memcmp.o)
                              _build/nrf_twi_mngr.o (memcmp)
/opt/homebrew/Cellar/arm-none-eabi-gcc/10.3-2021.10/gcc/bin/../lib/gcc/arm-none-eabi/10.3.1/../../../../arm-none-eabi/lib/thumb/v7e-m+fp/hard/libc.a(lib_a-memcpy.o)
                              _build/app_scheduler.o (memcpy)
/opt/homebrew/Cellar/arm-none-eabi-gcc/10.3-2021.10/gcc/bin/../lib/gcc/arm-none-eabi/10.3.1/../../../../arm-none-eabi/lib/thumb/v7e-m+fp/hard/libc.a(lib_a-memset.o)
                              /opt/homebrew/Cellar/arm-none-eabi-gcc/10.3-2021.10/gcc/bin/../lib/gcc/arm-none-eabi/10.3.1/../../../../arm-none-eabi/lib/thumb/v7e-m+fp/hard/crt0.o (memset)
/opt/homebrew/Cellar/arm-none-eabi-gcc/10.3-2021.10/gcc/bin/../lib/gcc/arm-none-eabi/10.3.1/../../../../arm-none-eabi/lib/thumb/v7e-m+fp/hard/libc.a(lib_a-printf.o)
                              _build/main.o (printf)
/opt/homebrew/Cellar/arm-none-eabi-gcc/10.3-2021.10/gcc/bin/../lib/gcc/arm-none-eabi/10.3.1/../../../../arm-none-eabi/lib/thumb/v7e-m+fp/hard/libc.a(lib_a-setbuf.o)
                              _build/microbit_before_startup.o (setbuf)
/opt/homebrew/Cellar/arm-none-eabi-gcc/10.3-2021.10/gcc/bin/../lib/gcc/arm-none-eabi/10.3.1/../../../../arm-none-eabi/lib/thumb/v7e-m+fp/hard/libc.a(lib_a-setvbuf.o)
                              /opt/homebrew/Cellar/arm-none-eabi-gcc/10.3-2021.10/gcc/bin/../lib/gcc/arm-none-eabi/10.3.1/../../../../arm-none-eabi/lib/thumb/v7e-m+fp/hard/libc.a(lib_a-setbuf.o) (setvbuf)
/opt/homebrew/Cellar/arm-none-eabi-gcc/10.3-2021.10/gcc/bin/../lib/gcc/arm-none-eabi/10.3.1/../../../../arm-none-eabi/lib/thumb/v7e-m+fp/hard/libc.a(lib_a-strlen.o)
                              _build/nrf_fprintf_format.o (strlen)
/opt/homebrew/Cellar/arm-none-eabi-gcc/10.3-2021.10/gcc/bin/../lib/gcc/arm-none-eabi/10.3.1/../../../../arm-none-eabi/lib/thumb/v7e-m+fp/hard/libc.a(lib_a-vfprintf.o)
                              /opt/homebrew/Cellar/arm-none-eabi-gcc/10.3-2021.10/gcc/bin/../lib/gcc/arm-none-eabi/10.3.1/../../../../arm-none-eabi/lib/thumb/v7e-m+fp/hard/libc.a(lib_a-printf.o) (_vfprintf_r)
/opt/homebrew/Cellar/arm-none-eabi-gcc/10.3-2021.10/gcc/bin/../lib/gcc/arm-none-eabi/10.3.1/../../../../arm-none-eabi/lib/thumb/v7e-m+fp/hard/libc.a(lib_a-wsetup.o)
                              /opt/homebrew/Cellar/arm-none-eabi-gcc/10.3-2021.10/gcc/bin/../lib/gcc/arm-none-eabi/10.3.1/../../../../arm-none-eabi/lib/thumb/v7e-m+fp/hard/libc.a(lib_a-vfprintf.o) (__swsetup_r)
/opt/homebrew/Cellar/arm-none-eabi-gcc/10.3-2021.10/gcc/bin/../lib/gcc/arm-none-eabi/10.3.1/../../../../arm-none-eabi/lib/thumb/v7e-m+fp/hard/libc.a(lib_a-__call_atexit.o)
                              /opt/homebrew/Cellar/arm-none-eabi-gcc/10.3-2021.10/gcc/bin/../lib/gcc/arm-none-eabi/10.3.1/../../../../arm-none-eabi/lib/thumb/v7e-m+fp/hard/libc.a(lib_a-exit.o) (__call_exitprocs)
/opt/homebrew/Cellar/arm-none-eabi-gcc/10.3-2021.10/gcc/bin/../lib/gcc/arm-none-eabi/10.3.1/../../../../arm-none-eabi/lib/thumb/v7e-m+fp/hard/libc.a(lib_a-atexit.o)
                              /opt/homebrew/Cellar/arm-none-eabi-gcc/10.3-2021.10/gcc/bin/../lib/gcc/arm-none-eabi/10.3.1/../../../../arm-none-eabi/lib/thumb/v7e-m+fp/hard/libc.a(lib_a-__call_atexit.o) (atexit)
/opt/homebrew/Cellar/arm-none-eabi-gcc/10.3-2021.10/gcc/bin/../lib/gcc/arm-none-eabi/10.3.1/../../../../arm-none-eabi/lib/thumb/v7e-m+fp/hard/libc.a(lib_a-dtoa.o)
[...]
Memory Configuration

Name             Origin             Length             Attributes
FLASH            0x0000000000000000 0x0000000000080000 xr
RAM              0x0000000020000000 0x0000000000020000 xrw
*default*        0x0000000000000000 0xffffffffffffffff

Linker script and memory map

                0x000000000007f000                __stop_ot_flash_data = ((ORIGIN (FLASH) + LENGTH (FLASH)) - FLASH_PAGE_SIZE)
                0x000000000007b000                __start_ot_flash_data = (__stop_ot_flash_data - (FLASH_PAGE_SIZE * FLASH_DATA_PAGES_USED))
                0x0000000000000001                ASSERT ((__start_ot_flash_data >= (__etext + SIZEOF (.data))), Error: Code overlaps flash data area.)

.text           0x0000000000000000     0xd588
 *(.isr_vector)
 .isr_vector    0x0000000000000000      0x200 _build/gcc_startup_nrf52833.os
                0x0000000000000000                __isr_vector
 *(.text*)
 .text          0x0000000000000200       0x40 /opt/homebrew/Cellar/arm-none-eabi-gcc/10.3-2021.10/gcc/bin/../lib/gcc/arm-none-eabi/10.3.1/thumb/v7e-m+fp/hard/crtbegin.o
 .text          0x0000000000000240       0x7c /opt/homebrew/Cellar/arm-none-eabi-gcc/10.3-2021.10/gcc/bin/../lib/gcc/arm-none-eabi/10.3.1/../../../../arm-none-eabi/lib/thumb/v7e-m+fp/hard/crt0.o
                0x0000000000000240                _stack_init
                0x0000000000000248                _mainCRTStartup
                0x0000000000000248                _start
 .text.saadc_event_callback
                0x00000000000002bc        0x2 _build/main.o
 *fill*         0x00000000000002be        0x2 
 .text.nrf_gpio_pin_port_decode
                0x00000000000002c0       0x30 _build/main.o
 .text.nrf_gpio_pin_set
                0x00000000000002f0       0x1a _build/main.o
 .text.nrf_gpio_cfg_output
                0x000000000000030a       0x1c _build/main.o
 *fill*         0x0000000000000326        0x2 
 .text.led_callback
                0x0000000000000328       0xa8 _build/main.o
 .text.startup.main
                0x00000000000003d0       0xb8 _build/main.o
                0x00000000000003d0                main
 .text.nrf_gpio_pin_port_decode
                0x0000000000000488       0x30 _build/better_error_handling.o
 .text.nrf_gpio_pin_clear
                0x00000000000004b8       0x1a _build/better_error_handling.o
 .text.nrf_gpio_pin_set
                0x00000000000004d2       0x1a _build/better_error_handling.o
 .text.nrf_delay_ms.part.0
                0x00000000000004ec       0x1c _build/better_error_handling.o
 .text.error_blink_pattern
                0x0000000000000508      0x104 _build/better_error_handling.o
 .text.app_error_fault_handler
                0x000000000000060c       0x74 _build/better_error_handling.o
                0x000000000000060c                app_error_fault_handler
 .text.HardFault_c_handler
                0x0000000000000680       0xec _build/better_error_handling.o
                0x0000000000000680                HardFault_c_handler
 .text.startup.called_first
                0x000000000000076c       0x48 _build/microbit_before_startup.o
                0x000000000000076c                called_first
 .text.nrf_log_backend_uart_flush
                0x00000000000007b4        0x2 _build/microbit_nrf_log_backend_uart.o
 *fill*         0x00000000000007b6        0x2 
 .text.nrf_log_backend_uart_put
                0x00000000000007b8       0x1c _build/microbit_nrf_log_backend_uart.o
 .text.uart_init.constprop.0
                0x00000000000007d4       0x54 _build/microbit_nrf_log_backend_uart.o
 .text.serial_tx
                0x0000000000000828       0x50 _build/microbit_nrf_log_backend_uart.o
 .text.nrf_log_backend_uart_panic_set
                0x0000000000000878       0x2c _build/microbit_nrf_log_backend_uart.o
 .text.nrf_log_backend_uart_init
                0x00000000000008a4        0x4 _build/microbit_nrf_log_backend_uart.o
                0x00000000000008a4                nrf_log_backend_uart_init
 .text._write   0x00000000000008a8       0x2c _build/microbit_retarget.o
                0x00000000000008a8                _write
 .text._read    0x00000000000008d4       0x30 _build/microbit_retarget.o
                0x00000000000008d4                _read
 .text.app_error_handler
                0x0000000000000904       0x1a _build/app_error_handler_gcc.o
                0x0000000000000904                app_error_handler
 *fill*         0x000000000000091e        0x2 
 .text.user_op_alloc
                0x0000000000000920       0x2c _build/app_timer.o
 .text.nrfx_coredep_delay_us.part.0.constprop.0
                0x000000000000094c       0x10 _build/app_timer.o
 .text.RTC1_IRQHandler
                0x000000000000095c       0x9c _build/app_timer.o
                0x000000000000095c                RTC1_IRQHandler
 .text.SWI0_EGU0_IRQHandler
                0x00000000000009f8      0x2b8 _build/app_timer.o
                0x00000000000009f8                SWI0_EGU0_IRQHandler
 .text.app_timer_init
                0x0000000000000cb0       0x90 _build/app_timer.o
                0x0000000000000cb0                app_timer_init
 .text.app_timer_create
                0x0000000000000d40       0x24 _build/app_timer.o
                0x0000000000000d40                app_timer_create
 .text.app_timer_start
                0x0000000000000d64       0x8c _build/app_timer.o
                0x0000000000000d64                app_timer_start
 .text.app_util_disable_irq
                0x0000000000000df0       0x10 _build/app_util_platform.o
                0x0000000000000df0                app_util_disable_irq
 .text.app_util_enable_irq
                0x0000000000000e00       0x14 _build/app_util_platform.o
                0x0000000000000e00                app_util_enable_irq
 .text.privilege_level_get
                0x0000000000000e14       0x1a _build/app_util_platform.o
                0x0000000000000e14                privilege_level_get
 *fill*         0x0000000000000e2e        0x2 
 .text.app_util_critical_region_enter
                0x0000000000000e30       0x20 _build/app_util_platform.o
                0x0000000000000e30                app_util_critical_region_enter
 .text.app_util_critical_region_exit
                0x0000000000000e50       0x20 _build/app_util_platform.o
                0x0000000000000e50                app_util_critical_region_exit
 .text.HardFault_Handler
                0x0000000000000e70       0x34 _build/hardfault_handler_gcc.o
                0x0000000000000e70                HardFault_Handler
 .text.assert_nrf_callback
                0x0000000000000ea4       0x1a _build/nrf_assert.o
                0x0000000000000ea4                assert_nrf_callback
 .text.nrf_atomic_u32_fetch_store
                0x0000000000000ebe       0x16 _build/nrf_atomic.o
                0x0000000000000ebe                nrf_atomic_u32_fetch_store
 .text.nrf_atomic_u32_or
                0x0000000000000ed4       0x18 _build/nrf_atomic.o
                0x0000000000000ed4                nrf_atomic_u32_or
 .text.nrf_atomic_u32_fetch_and
                0x0000000000000eec       0x18 _build/nrf_atomic.o
                0x0000000000000eec                nrf_atomic_u32_fetch_and
 .text.nrf_atomic_u32_add
                0x0000000000000f04       0x18 _build/nrf_atomic.o
                0x0000000000000f04                nrf_atomic_u32_add
 .text.nrf_atomic_u32_sub
                0x0000000000000f1c       0x18 _build/nrf_atomic.o
                0x0000000000000f1c                nrf_atomic_u32_sub
 .text.nrf_atomic_flag_set
                0x0000000000000f34        0x6 _build/nrf_atomic.o
                0x0000000000000f34                nrf_atomic_flag_set
 .text.nrf_atomic_flag_clear_fetch
                0x0000000000000f3a        0x6 _build/nrf_atomic.o
                0x0000000000000f3a                nrf_atomic_flag_clear_fetch
 .text.nrf_balloc_init
                0x0000000000000f40       0x7c _build/nrf_balloc.o
                0x0000000000000f40                nrf_balloc_init
 .text.nrf_balloc_alloc
                0x0000000000000fbc       0x54 _build/nrf_balloc.o
                0x0000000000000fbc                nrf_balloc_alloc
 .text.nrf_balloc_free
                0x0000000000001010       0x48 _build/nrf_balloc.o
                0x0000000000001010                nrf_balloc_free
 .text.uarte_evt_handler
                0x0000000000001058       0x34 _build/nrf_drv_uart.o
 .text.uart_evt_handler
                0x000000000000108c       0x34 _build/nrf_drv_uart.o
 .text.nrf_drv_uart_init
                0x00000000000010c0       0x7c _build/nrf_drv_uart.o
                0x00000000000010c0                nrf_drv_uart_init
 .text.nrf_fprintf_buffer_flush
                0x000000000000113c       0x24 _build/nrf_fprintf.o
                0x000000000000113c                nrf_fprintf_buffer_flush
 .text.nrf_fprintf
                0x0000000000001160       0x54 _build/nrf_fprintf.o
                0x0000000000001160                nrf_fprintf
 .text.buffer_add
                0x00000000000011b4       0x1e _build/nrf_fprintf_format.o
 *fill*         0x00000000000011d2        0x2 
 .text.unsigned_print
                0x00000000000011d4       0xb4 _build/nrf_fprintf_format.o
 .text.nrf_fprintf_fmt
                0x0000000000001288      0x2d0 _build/nrf_fprintf_format.o
                0x0000000000001288                nrf_fprintf_fmt
 .text.nrf_log_backend_serial_put
                0x0000000000001558       0xc2 _build/nrf_log_backend_serial.o
                0x0000000000001558                nrf_log_backend_serial_put
 *fill*         0x000000000000161a        0x2 
 .text.nrf_log_default_backends_init
                0x000000000000161c       0x30 _build/nrf_log_default_backends.o
                0x000000000000161c                nrf_log_default_backends_init
 .text.invalid_packets_omit
                0x000000000000164c       0x3a _build/nrf_log_frontend.o
 *fill*         0x0000000000001686        0x2 
 .text.buf_prealloc
                0x0000000000001688      0x144 _build/nrf_log_frontend.o
 .text.nrf_log_init
                0x00000000000017cc       0x3c _build/nrf_log_frontend.o
                0x00000000000017cc                nrf_log_init
 .text.nrf_log_module_name_get
                0x0000000000001808       0x38 _build/nrf_log_frontend.o
                0x0000000000001808                nrf_log_module_name_get
 .text.nrf_log_color_id_get
                0x0000000000001840       0x2c _build/nrf_log_frontend.o
                0x0000000000001840                nrf_log_color_id_get
 .text.buffer_is_empty
                0x000000000000186c       0x14 _build/nrf_log_frontend.o
                0x000000000000186c                buffer_is_empty
 .text.nrf_log_frontend_dequeue
                0x0000000000001880      0x224 _build/nrf_log_frontend.o
                0x0000000000001880                nrf_log_frontend_dequeue
 .text.std_n    0x0000000000001aa4       0xb8 _build/nrf_log_frontend.o
 .text.nrf_log_frontend_std_0
                0x0000000000001b5c        0x8 _build/nrf_log_frontend.o
                0x0000000000001b5c                nrf_log_frontend_std_0
 .text.nrf_log_frontend_std_1
                0x0000000000001b64       0x12 _build/nrf_log_frontend.o
                0x0000000000001b64                nrf_log_frontend_std_1
 .text.nrf_log_frontend_std_3
                0x0000000000001b76       0x18 _build/nrf_log_frontend.o
                0x0000000000001b76                nrf_log_frontend_std_3
 .text.nrf_log_frontend_std_4
                0x0000000000001b8e       0x1c _build/nrf_log_frontend.o
                0x0000000000001b8e                nrf_log_frontend_std_4
 *fill*         0x0000000000001baa        0x2 
 .text.nrf_log_backend_add
                0x0000000000001bac       0x54 _build/nrf_log_frontend.o
                0x0000000000001bac                nrf_log_backend_add
 .text.nrf_log_panic
                0x0000000000001c00       0x28 _build/nrf_log_frontend.o
                0x0000000000001c00                nrf_log_panic
 .text.prefix_process
                0x0000000000001c28       0x7c _build/nrf_log_str_formatter.o
 .text.postfix_process
                0x0000000000001ca4       0x44 _build/nrf_log_str_formatter.o
 .text.nrf_log_std_entry_process
                0x0000000000001ce8       0xc8 _build/nrf_log_str_formatter.o
                0x0000000000001ce8                nrf_log_std_entry_process
 .text.nrf_log_hexdump_entry_process
                0x0000000000001db0       0xc0 _build/nrf_log_str_formatter.o
                0x0000000000001db0                nrf_log_hexdump_entry_process
 .text.memobj_op
                0x0000000000001e70       0xa8 _build/nrf_memobj.o
 .text.nrf_memobj_pool_init
                0x0000000000001f18        0x4 _build/nrf_memobj.o
                0x0000000000001f18                nrf_memobj_pool_init
 .text.nrf_memobj_free
                0x0000000000001f1c       0x2c _build/nrf_memobj.o
                0x0000000000001f1c                nrf_memobj_free
 .text.nrf_memobj_alloc
                0x0000000000001f48       0x5e _build/nrf_memobj.o
                0x0000000000001f48                nrf_memobj_alloc
 .text.nrf_memobj_get
                0x0000000000001fa6        0x8 _build/nrf_memobj.o
                0x0000000000001fa6                nrf_memobj_get
 .text.nrf_memobj_put
                0x0000000000001fae       0x1c _build/nrf_memobj.o
                0x0000000000001fae                nrf_memobj_put
 *fill*         0x0000000000001fca        0x2 
 .text.nrf_memobj_write
                0x0000000000001fcc       0x28 _build/nrf_memobj.o
                0x0000000000001fcc                nrf_memobj_write
 .text.nrf_memobj_read
                0x0000000000001ff4       0x28 _build/nrf_memobj.o
                0x0000000000001ff4                nrf_memobj_read
 .text.nrf_ringbuf_init
                0x000000000000201c       0x1c _build/nrf_ringbuf.o
                0x000000000000201c                nrf_ringbuf_init
 .text.nrf_strerror_find
                0x0000000000002038       0x3c _build/nrf_strerror.o
                0x0000000000002038                nrf_strerror_find
 .text.nrf_strerror_get
                0x0000000000002074       0x14 _build/nrf_strerror.o
                0x0000000000002074                nrf_strerror_get
 .text.POWER_CLOCK_IRQHandler
                0x0000000000002088       0x5c _build/nrfx_clock.o
                0x0000000000002088                POWER_CLOCK_IRQHandler
 .text.nrf_gpiote_event_clear
                0x00000000000020e4       0x18 _build/nrfx_gpiote.o
 .text.nrf_bitmask_bit_set
                0x00000000000020fc       0x14 _build/nrfx_gpiote.o
 .text.nrf_gpio_pin_port_decode
                0x0000000000002110       0x30 _build/nrfx_gpiote.o
 .text.nrf_gpio_cfg_sense_set
                0x0000000000002140       0x2e _build/nrfx_gpiote.o
 *fill*         0x000000000000216e        0x2 
 .text.nrf_gpio_ports_read.constprop.0
                0x0000000000002170       0x18 _build/nrfx_gpiote.o
 .text.GPIOTE_IRQHandler
                0x0000000000002188      0x19c _build/nrfx_gpiote.o
                0x0000000000002188                GPIOTE_IRQHandler
 .text.UARTE0_UART0_IRQHandler
                0x0000000000002324       0x20 _build/nrfx_prs.o
                0x0000000000002324                UARTE0_UART0_IRQHandler
 .text.nrfx_prs_acquire
                0x0000000000002344       0x44 _build/nrfx_prs.o
                0x0000000000002344                nrfx_prs_acquire
 .text.nrfx_prs_release
                0x0000000000002388       0x28 _build/nrfx_prs.o
                0x0000000000002388                nrfx_prs_release
 .text.nrf_pwm_event_clear
                0x00000000000023b0       0x10 _build/nrfx_pwm.o
 .text.irq_handler
                0x00000000000023c0       0x80 _build/nrfx_pwm.o
 .text.PWM0_IRQHandler
                0x0000000000002440       0x10 _build/nrfx_pwm.o
                0x0000000000002440                PWM0_IRQHandler
 .text.PWM1_IRQHandler
                0x0000000000002450       0x10 _build/nrfx_pwm.o
                0x0000000000002450                PWM1_IRQHandler
 .text.nrf_saadc_event_clear
                0x0000000000002460       0x18 _build/nrfx_saadc.o
 .text.SAADC_IRQHandler
                0x0000000000002478      0x154 _build/nrfx_saadc.o
                0x0000000000002478                SAADC_IRQHandler
 .text.nrfx_saadc_init
                0x00000000000025cc       0xbc _build/nrfx_saadc.o
                0x00000000000025cc                nrfx_saadc_init
 .text.nrfx_saadc_channel_init
                0x0000000000002688      0x104 _build/nrfx_saadc.o
                0x0000000000002688                nrfx_saadc_channel_init
 .text.nrfx_saadc_sample_convert
                0x000000000000278c       0xe8 _build/nrfx_saadc.o
                0x000000000000278c                nrfx_saadc_sample_convert
 .text.nrf_gpio_pin_port_decode
                0x0000000000002874       0x30 _build/nrfx_spim.o
 .text.nrf_gpio_pin_clear
                0x00000000000028a4       0x1a _build/nrfx_spim.o
 .text.nrf_gpio_pin_set
                0x00000000000028be       0x1a _build/nrfx_spim.o
 .text.SPIM2_SPIS2_SPI2_IRQHandler
                0x00000000000028d8       0x64 _build/nrfx_spim.o
                0x00000000000028d8                SPIM2_SPIS2_SPI2_IRQHandler
 .text.irq_handler.constprop.0
                0x000000000000293c       0x4c _build/nrfx_timer.o
 .text.TIMER0_IRQHandler
                0x0000000000002988       0x10 _build/nrfx_timer.o
                0x0000000000002988                TIMER0_IRQHandler
 .text.TIMER1_IRQHandler
                0x0000000000002998       0x10 _build/nrfx_timer.o
                0x0000000000002998                TIMER1_IRQHandler
 .text.nrf_twim_event_clear
                0x00000000000029a8       0x10 _build/nrfx_twim.o
 .text.xfer_completeness_check
                0x00000000000029b8       0x6c _build/nrfx_twim.o
 .text.twim_irq_handler
                0x0000000000002a24      0x138 _build/nrfx_twim.o
 .text.SPIM0_SPIS0_TWIM0_TWIS0_SPI0_TWI0_IRQHandler
                0x0000000000002b5c       0x10 _build/nrfx_twim.o
                0x0000000000002b5c                SPIM0_SPIS0_TWIM0_TWIS0_SPI0_TWI0_IRQHandler
 .text.SPIM1_SPIS1_TWIM1_TWIS1_SPI1_TWI1_IRQHandler
                0x0000000000002b6c       0x10 _build/nrfx_twim.o
                0x0000000000002b6c                SPIM1_SPIS1_TWIM1_TWIS1_SPI1_TWI1_IRQHandler
 .text.nrf_uart_event_clear
                0x0000000000002b7c       0x10 _build/nrfx_uart.o
 .text.tx_byte  0x0000000000002b8c       0x1e _build/nrfx_uart.o
 .text.rx_enable
                0x0000000000002baa       0x20 _build/nrfx_uart.o
 *fill*         0x0000000000002bca        0x2 
 .text.nrf_gpio_pin_port_decode
                0x0000000000002bcc       0x30 _build/nrfx_uart.o
 .text.nrf_gpio_cfg_default
                0x0000000000002bfc       0x1c _build/nrfx_uart.o
 .text.rx_byte  0x0000000000002c18       0x2c _build/nrfx_uart.o
 .text.rx_done_event.constprop.0
                0x0000000000002c44       0x20 _build/nrfx_uart.o
 .text.nrfx_uart_0_irq_handler
                0x0000000000002c64      0x144 _build/nrfx_uart.o
                0x0000000000002c64                nrfx_uart_0_irq_handler
 .text.nrfx_uart_init
                0x0000000000002da8      0x1e0 _build/nrfx_uart.o
                0x0000000000002da8                nrfx_uart_init
 .text.nrfx_uart_uninit
                0x0000000000002f88       0xc0 _build/nrfx_uart.o
                0x0000000000002f88                nrfx_uart_uninit
 .text.nrfx_uart_tx_in_progress
                0x0000000000003048       0x18 _build/nrfx_uart.o
                0x0000000000003048                nrfx_uart_tx_in_progress
 .text.nrfx_uart_tx
                0x0000000000003060       0xe0 _build/nrfx_uart.o
                0x0000000000003060                nrfx_uart_tx
 .text.nrfx_uart_rx
                0x0000000000003140      0x134 _build/nrfx_uart.o
                0x0000000000003140                nrfx_uart_rx
 .text.nrf_uarte_event_clear
                0x0000000000003274       0x10 _build/nrfx_uarte.o
 .text.nrf_gpio_pin_port_decode
                0x0000000000003284       0x30 _build/nrfx_uarte.o
 .text.nrf_gpio_cfg_default
                0x00000000000032b4       0x1c _build/nrfx_uarte.o
 .text.rx_done_event.constprop.0
                0x00000000000032d0       0x20 _build/nrfx_uarte.o
 .text.nrfx_uarte_0_irq_handler
                0x00000000000032f0      0x118 _build/nrfx_uarte.o
                0x00000000000032f0                nrfx_uarte_0_irq_handler
 .text.nrfx_uarte_init
                0x0000000000003408      0x1f8 _build/nrfx_uarte.o
                0x0000000000003408                nrfx_uarte_init
 .text.nrfx_uarte_uninit
                0x0000000000003600       0xec _build/nrfx_uarte.o
                0x0000000000003600                nrfx_uarte_uninit
 .text.nrfx_uarte_tx_in_progress
                0x00000000000036ec       0x18 _build/nrfx_uarte.o
                0x00000000000036ec                nrfx_uarte_tx_in_progress
 .text.nrfx_uarte_tx
                0x0000000000003704       0xf4 _build/nrfx_uarte.o
                0x0000000000003704                nrfx_uarte_tx
 .text.nrfx_uarte_rx
                0x00000000000037f8      0x130 _build/nrfx_uarte.o
                0x00000000000037f8                nrfx_uarte_rx
 .text.__NVIC_SystemReset
                0x0000000000003928       0x24 _build/system_nrf52833.o
 .text.errata_36
                0x000000000000394c       0x1a _build/system_nrf52833.o
 *fill*         0x0000000000003966        0x2 
 .text.SystemInit
                0x0000000000003968      0x19c _build/system_nrf52833.o
                0x0000000000003968                SystemInit
 .text          0x0000000000003b04       0x3c _build/gcc_startup_nrf52833.os
                0x0000000000003b04                Reset_Handler
                0x0000000000003b2c                NMI_Handler
                0x0000000000003b30                MemoryManagement_Handler
                0x0000000000003b32                BusFault_Handler
                0x0000000000003b34                UsageFault_Handler
                0x0000000000003b36                SVC_Handler
                0x0000000000003b38                DebugMon_Handler
                0x0000000000003b3a                PendSV_Handler
                0x0000000000003b3c                SysTick_Handler
                0x0000000000003b3e                FPU_IRQHandler
                0x0000000000003b3e                USBD_IRQHandler
                0x0000000000003b3e                TIMER4_IRQHandler
                0x0000000000003b3e                I2S_IRQHandler
                0x0000000000003b3e                SWI4_EGU4_IRQHandler
                0x0000000000003b3e                UARTE1_IRQHandler
                0x0000000000003b3e                SPIM3_IRQHandler
                0x0000000000003b3e                PWM2_IRQHandler
                0x0000000000003b3e                ECB_IRQHandler
                0x0000000000003b3e                Default_Handler
                0x0000000000003b3e                CCM_AAR_IRQHandler
                0x0000000000003b3e                WDT_IRQHandler
                0x0000000000003b3e                SWI5_EGU5_IRQHandler
                0x0000000000003b3e                RNG_IRQHandler
                0x0000000000003b3e                RTC2_IRQHandler
                0x0000000000003b3e                SWI3_EGU3_IRQHandler
                0x0000000000003b3e                SWI1_EGU1_IRQHandler
                0x0000000000003b3e                NFCT_IRQHandler
                0x0000000000003b3e                MWU_IRQHandler
                0x0000000000003b3e                TIMER2_IRQHandler
                0x0000000000003b3e                COMP_LPCOMP_IRQHandler
                0x0000000000003b3e                RTC0_IRQHandler
                0x0000000000003b3e                SWI2_EGU2_IRQHandler
                0x0000000000003b3e                RADIO_IRQHandler
                0x0000000000003b3e                PDM_IRQHandler
                0x0000000000003b3e                TEMP_IRQHandler
                0x0000000000003b3e                QDEC_IRQHandler
                0x0000000000003b3e                TIMER3_IRQHandler
                0x0000000000003b3e                PWM3_IRQHandler
 .text.exit     0x0000000000003b40       0x20 /opt/homebrew/Cellar/arm-none-eabi-gcc/10.3-2021.10/gcc/bin/../lib/gcc/arm-none-eabi/10.3.1/../../../../arm-none-eabi/lib/thumb/v7e-m+fp/hard/libc.a(lib_a-exit.o)
                0x0000000000003b40                exit
 .text.__libc_init_array
                0x0000000000003b60       0x48 /opt/homebrew/Cellar/arm-none-eabi-gcc/10.3-2021.10/gcc/bin/../lib/gcc/arm-none-eabi/10.3.1/../../../../arm-none-eabi/lib/thumb/v7e-m+fp/hard/libc.a(lib_a-init.o)
                0x0000000000003b60                __libc_init_array
 .text          0x0000000000003ba8      0x134 /opt/homebrew/Cellar/arm-none-eabi-gcc/10.3-2021.10/gcc/bin/../lib/gcc/arm-none-eabi/10.3.1/../../../../arm-none-eabi/lib/thumb/v7e-m+fp/hard/libc.a(lib_a-memcpy.o)
                0x0000000000003ba8                memcpy
 .text.memset   0x0000000000003cdc       0xa4 /opt/homebrew/Cellar/arm-none-eabi-gcc/10.3-2021.10/gcc/bin/../lib/gcc/arm-none-eabi/10.3.1/../../../../arm-none-eabi/lib/thumb/v7e-m+fp/hard/libc.a(lib_a-memset.o)
                0x0000000000003cdc                memset
 .text.printf   0x0000000000003d80       0x28 /opt/homebrew/Cellar/arm-none-eabi-gcc/10.3-2021.10/gcc/bin/../lib/gcc/arm-none-eabi/10.3.1/../../../../arm-none-eabi/lib/thumb/v7e-m+fp/hard/libc.a(lib_a-printf.o)
                0x0000000000003d80                printf
 .text.setbuf   0x0000000000003da8       0x10 /opt/homebrew/Cellar/arm-none-eabi-gcc/10.3-2021.10/gcc/bin/../lib/gcc/arm-none-eabi/10.3.1/../../../../arm-none-eabi/lib/thumb/v7e-m+fp/hard/libc.a(lib_a-setbuf.o)
                0x0000000000003da8                setbuf
 .text.setvbuf  0x0000000000003db8      0x1b0 /opt/homebrew/Cellar/arm-none-eabi-gcc/10.3-2021.10/gcc/bin/../lib/gcc/arm-none-eabi/10.3.1/../../../../arm-none-eabi/lib/thumb/v7e-m+fp/hard/libc.a(lib_a-setvbuf.o)
                0x0000000000003db8                setvbuf
 *fill*         0x0000000000003f68       0x18 
 .text          0x0000000000003f80       0xdc /opt/homebrew/Cellar/arm-none-eabi-gcc/10.3-2021.10/gcc/bin/../lib/gcc/arm-none-eabi/10.3.1/../../../../arm-none-eabi/lib/thumb/v7e-m+fp/hard/libc.a(lib_a-strlen.o)
                0x0000000000003f80                strlen
 *fill*         0x000000000000405c        0x4 
 .text._vfprintf_r
                0x0000000000004060     0x1b90 /opt/homebrew/Cellar/arm-none-eabi-gcc/10.3-2021.10/gcc/bin/../lib/gcc/arm-none-eabi/10.3.1/../../../../arm-none-eabi/lib/thumb/v7e-m+fp/hard/libc.a(lib_a-vfprintf.o)
                0x0000000000004060                _vfprintf_r
 .text.__sbprintf
                0x0000000000005bf0       0x80 /opt/homebrew/Cellar/arm-none-eabi-gcc/10.3-2021.10/gcc/bin/../lib/gcc/arm-none-eabi/10.3.1/../../../../arm-none-eabi/lib/thumb/v7e-m+fp/hard/libc.a(lib_a-vfprintf.o)
 .text.__swsetup_r
                0x0000000000005c70       0xd4 /opt/homebrew/Cellar/arm-none-eabi-gcc/10.3-2021.10/gcc/bin/../lib/gcc/arm-none-eabi/10.3.1/../../../../arm-none-eabi/lib/thumb/v7e-m+fp/hard/libc.a(lib_a-wsetup.o)
                0x0000000000005c70                __swsetup_r
 .text.startup.register_fini
                0x0000000000005d44       0x14 /opt/homebrew/Cellar/arm-none-eabi-gcc/10.3-2021.10/gcc/bin/../lib/gcc/arm-none-eabi/10.3.1/../../../../arm-none-eabi/lib/thumb/v7e-m+fp/hard/libc.a(lib_a-__call_atexit.o)
 .text.__call_exitprocs
                0x0000000000005d58       0xcc /opt/homebrew/Cellar/arm-none-eabi-gcc/10.3-2021.10/gcc/bin/../lib/gcc/arm-none-eabi/10.3.1/../../../../arm-none-eabi/lib/thumb/v7e-m+fp/hard/libc.a(lib_a-__call_atexit.o)
                0x0000000000005d58                __call_exitprocs
 .text.atexit   0x0000000000005e24        0xc /opt/homebrew/Cellar/arm-none-eabi-gcc/10.3-2021.10/gcc/bin/../lib/gcc/arm-none-eabi/10.3.1/../../../../arm-none-eabi/lib/thumb/v7e-m+fp/hard/libc.a(lib_a-atexit.o)
                0x0000000000005e24                atexit
 .text.quorem   0x0000000000005e30      0x128 /opt/homebrew/Cellar/arm-none-eabi-gcc/10.3-2021.10/gcc/bin/../lib/gcc/arm-none-eabi/10.3.1/../../../../arm-none-eabi/lib/thumb/v7e-m+fp/hard/libc.a(lib_a-dtoa.o)
 .text._dtoa_r  0x0000000000005f58      0xf3c /opt/homebrew/Cellar/arm-none-eabi-gcc/10.3-2021.10/gcc/bin/../lib/gcc/arm-none-eabi/10.3.1/../../../../arm-none-eabi/lib/thumb/v7e-m+fp/hard/libc.a(lib_a-dtoa.o)
                0x0000000000005f58                _dtoa_r
 .text.__sflush_r
                0x0000000000006e94      0x130 /opt/homebrew/Cellar/arm-none-eabi-gcc/10.3-2021.10/gcc/bin/../lib/gcc/arm-none-eabi/10.3.1/../../../../arm-none-eabi/lib/thumb/v7e-m+fp/hard/libc.a(lib_a-fflush.o)
                0x0000000000006e94                __sflush_r
 .text._fflush_r
                0x0000000000006fc4       0x5c /opt/homebrew/Cellar/arm-none-eabi-gcc/10.3-2021.10/gcc/bin/../lib/gcc/arm-none-eabi/10.3.1/../../../../arm-none-eabi/lib/thumb/v7e-m+fp/hard/libc.a(lib_a-fflush.o)
                0x0000000000006fc4                _fflush_r
 .text._cleanup_r
                0x0000000000007020        0xc /opt/homebrew/Cellar/arm-none-eabi-gcc/10.3-2021.10/gcc/bin/../lib/gcc/arm-none-eabi/10.3.1/../../../../arm-none-eabi/lib/thumb/v7e-m+fp/hard/libc.a(lib_a-findfp.o)
                0x0000000000007020                _cleanup_r
 .text.__sinit  0x000000000000702c      0x10c /opt/homebrew/Cellar/arm-none-eabi-gcc/10.3-2021.10/gcc/bin/../lib/gcc/arm-none-eabi/10.3.1/../../../../arm-none-eabi/lib/thumb/v7e-m+fp/hard/libc.a(lib_a-findfp.o)
                0x000000000000702c                __sinit
 .text.__sfp_lock_acquire
                0x0000000000007138        0xc /opt/homebrew/Cellar/arm-none-eabi-gcc/10.3-2021.10/gcc/bin/../lib/gcc/arm-none-eabi/10.3.1/../../../../arm-none-eabi/lib/thumb/v7e-m+fp/hard/libc.a(lib_a-findfp.o)
                0x0000000000007138                __sfp_lock_acquire
 .text.__sfp_lock_release
                0x0000000000007144        0xc /opt/homebrew/Cellar/arm-none-eabi-gcc/10.3-2021.10/gcc/bin/../lib/gcc/arm-none-eabi/10.3.1/../../../../arm-none-eabi/lib/thumb/v7e-m+fp/hard/libc.a(lib_a-findfp.o)
                0x0000000000007144                __sfp_lock_release
 .text.__libc_fini_array
                0x0000000000007150       0x2c /opt/homebrew/Cellar/arm-none-eabi-gcc/10.3-2021.10/gcc/bin/../lib/gcc/arm-none-eabi/10.3.1/../../../../arm-none-eabi/lib/thumb/v7e-m+fp/hard/libc.a(lib_a-fini.o)
                0x0000000000007150                __libc_fini_array
 .text._malloc_trim_r
                0x000000000000717c       0xa0 /opt/homebrew/Cellar/arm-none-eabi-gcc/10.3-2021.10/gcc/bin/../lib/gcc/arm-none-eabi/10.3.1/../../../../arm-none-eabi/lib/thumb/v7e-m+fp/hard/libc.a(lib_a-freer.o)
                0x000000000000717c                _malloc_trim_r
 .text._free_r  0x000000000000721c      0x20c /opt/homebrew/Cellar/arm-none-eabi-gcc/10.3-2021.10/gcc/bin/../lib/gcc/arm-none-eabi/10.3.1/../../../../arm-none-eabi/lib/thumb/v7e-m+fp/hard/libc.a(lib_a-freer.o)
                0x000000000000721c                _free_r
 .text._fwalk_reent
                0x0000000000007428       0x48 /opt/homebrew/Cellar/arm-none-eabi-gcc/10.3-2021.10/gcc/bin/../lib/gcc/arm-none-eabi/10.3.1/../../../../arm-none-eabi/lib/thumb/v7e-m+fp/hard/libc.a(lib_a-fwalk.o)
                0x0000000000007428                _fwalk_reent
 .text._localeconv_r
                0x0000000000007470        0x8 /opt/homebrew/Cellar/arm-none-eabi-gcc/10.3-2021.10/gcc/bin/../lib/gcc/arm-none-eabi/10.3.1/../../../../arm-none-eabi/lib/thumb/v7e-m+fp/hard/libc.a(lib_a-localeconv.o)
                0x0000000000007470                _localeconv_r
 .text.__retarget_lock_init_recursive
                0x0000000000007478        0x4 /opt/homebrew/Cellar/arm-none-eabi-gcc/10.3-2021.10/gcc/bin/../lib/gcc/arm-none-eabi/10.3.1/../../../../arm-none-eabi/lib/thumb/v7e-m+fp/hard/libc.a(lib_a-lock.o)
                0x0000000000007478                __retarget_lock_init_recursive
 .text.__retarget_lock_close_recursive
                0x000000000000747c        0x4 /opt/homebrew/Cellar/arm-none-eabi-gcc/10.3-2021.10/gcc/bin/../lib/gcc/arm-none-eabi/10.3.1/../../../../arm-none-eabi/lib/thumb/v7e-m+fp/hard/libc.a(lib_a-lock.o)
                0x000000000000747c                __retarget_lock_close_recursive
 .text.__retarget_lock_acquire_recursive
                0x0000000000007480        0x4 /opt/homebrew/Cellar/arm-none-eabi-gcc/10.3-2021.10/gcc/bin/../lib/gcc/arm-none-eabi/10.3.1/../../../../arm-none-eabi/lib/thumb/v7e-m+fp/hard/libc.a(lib_a-lock.o)
                0x0000000000007480                __retarget_lock_acquire_recursive
 .text.__retarget_lock_release_recursive
                0x0000000000007484        0x4 /opt/homebrew/Cellar/arm-none-eabi-gcc/10.3-2021.10/gcc/bin/../lib/gcc/arm-none-eabi/10.3.1/../../../../arm-none-eabi/lib/thumb/v7e-m+fp/hard/libc.a(lib_a-lock.o)
                0x0000000000007484                __retarget_lock_release_recursive
 .text.__smakebuf_r
                0x0000000000007488       0xe0 /opt/homebrew/Cellar/arm-none-eabi-gcc/10.3-2021.10/gcc/bin/../lib/gcc/arm-none-eabi/10.3.1/../../../../arm-none-eabi/lib/thumb/v7e-m+fp/hard/libc.a(lib_a-makebuf.o)
                0x0000000000007488                __smakebuf_r
 .text.__swhatbuf_r
                0x0000000000007568       0x60 /opt/homebrew/Cellar/arm-none-eabi-gcc/10.3-2021.10/gcc/bin/../lib/gcc/arm-none-eabi/10.3.1/../../../../arm-none-eabi/lib/thumb/v7e-m+fp/hard/libc.a(lib_a-makebuf.o)
                0x0000000000007568                __swhatbuf_r
 .text.malloc   0x00000000000075c8       0x10 /opt/homebrew/Cellar/arm-none-eabi-gcc/10.3-2021.10/gcc/bin/../lib/gcc/arm-none-eabi/10.3.1/../../../../arm-none-eabi/lib/thumb/v7e-m+fp/hard/libc.a(lib_a-malloc.o)
                0x00000000000075c8                malloc
 .text._malloc_r
                0x00000000000075d8      0x560 /opt/homebrew/Cellar/arm-none-eabi-gcc/10.3-2021.10/gcc/bin/../lib/gcc/arm-none-eabi/10.3.1/../../../../arm-none-eabi/lib/thumb/v7e-m+fp/hard/libc.a(lib_a-mallocr.o)
                0x00000000000075d8                _malloc_r
 *fill*         0x0000000000007b38        0x8 
 .text          0x0000000000007b40       0xa0 /opt/homebrew/Cellar/arm-none-eabi-gcc/10.3-2021.10/gcc/bin/../lib/gcc/arm-none-eabi/10.3.1/../../../../arm-none-eabi/lib/thumb/v7e-m+fp/hard/libc.a(lib_a-memchr.o)
                0x0000000000007b40                memchr
 .text.__malloc_lock
                0x0000000000007be0        0xc /opt/homebrew/Cellar/arm-none-eabi-gcc/10.3-2021.10/gcc/bin/../lib/gcc/arm-none-eabi/10.3.1/../../../../arm-none-eabi/lib/thumb/v7e-m+fp/hard/libc.a(lib_a-mlock.o)
                0x0000000000007be0                __malloc_lock
 .text.__malloc_unlock
                0x0000000000007bec        0xc /opt/homebrew/Cellar/arm-none-eabi-gcc/10.3-2021.10/gcc/bin/../lib/gcc/arm-none-eabi/10.3.1/../../../../arm-none-eabi/lib/thumb/v7e-m+fp/hard/libc.a(lib_a-mlock.o)
                0x0000000000007bec                __malloc_unlock
 .text._Balloc  0x0000000000007bf8       0x4c /opt/homebrew/Cellar/arm-none-eabi-gcc/10.3-2021.10/gcc/bin/../lib/gcc/arm-none-eabi/10.3.1/../../../../arm-none-eabi/lib/thumb/v7e-m+fp/hard/libc.a(lib_a-mprec.o)
                0x0000000000007bf8                _Balloc
 .text._Bfree   0x0000000000007c44       0x14 /opt/homebrew/Cellar/arm-none-eabi-gcc/10.3-2021.10/gcc/bin/../lib/gcc/arm-none-eabi/10.3.1/../../../../arm-none-eabi/lib/thumb/v7e-m+fp/hard/libc.a(lib_a-mprec.o)
                0x0000000000007c44                _Bfree
 .text.__multadd
                0x0000000000007c58       0xa8 /opt/homebrew/Cellar/arm-none-eabi-gcc/10.3-2021.10/gcc/bin/../lib/gcc/arm-none-eabi/10.3.1/../../../../arm-none-eabi/lib/thumb/v7e-m+fp/hard/libc.a(lib_a-mprec.o)
                0x0000000000007c58                __multadd
 .text.__hi0bits
                0x0000000000007d00       0x40 /opt/homebrew/Cellar/arm-none-eabi-gcc/10.3-2021.10/gcc/bin/../lib/gcc/arm-none-eabi/10.3.1/../../../../arm-none-eabi/lib/thumb/v7e-m+fp/hard/libc.a(lib_a-mprec.o)
                0x0000000000007d00                __hi0bits
 .text.__lo0bits
                0x0000000000007d40       0x60 /opt/homebrew/Cellar/arm-none-eabi-gcc/10.3-2021.10/gcc/bin/../lib/gcc/arm-none-eabi/10.3.1/../../../../arm-none-eabi/lib/thumb/v7e-m+fp/hard/libc.a(lib_a-mprec.o)
                0x0000000000007d40                __lo0bits
 .text.__i2b    0x0000000000007da0       0x5c /opt/homebrew/Cellar/arm-none-eabi-gcc/10.3-2021.10/gcc/bin/../lib/gcc/arm-none-eabi/10.3.1/../../../../arm-none-eabi/lib/thumb/v7e-m+fp/hard/libc.a(lib_a-mprec.o)
                0x0000000000007da0                __i2b
 .text.__multiply
                0x0000000000007dfc      0x15c /opt/homebrew/Cellar/arm-none-eabi-gcc/10.3-2021.10/gcc/bin/../lib/gcc/arm-none-eabi/10.3.1/../../../../arm-none-eabi/lib/thumb/v7e-m+fp/hard/libc.a(lib_a-mprec.o)
                0x0000000000007dfc                __multiply
 .text.__pow5mult
                0x0000000000007f58       0xc0 /opt/homebrew/Cellar/arm-none-eabi-gcc/10.3-2021.10/gcc/bin/../lib/gcc/arm-none-eabi/10.3.1/../../../../arm-none-eabi/lib/thumb/v7e-m+fp/hard/libc.a(lib_a-mprec.o)
                0x0000000000007f58                __pow5mult
 .text.__lshift
                0x0000000000008018       0xf0 /opt/homebrew/Cellar/arm-none-eabi-gcc/10.3-2021.10/gcc/bin/../lib/gcc/arm-none-eabi/10.3.1/../../../../arm-none-eabi/lib/thumb/v7e-m+fp/hard/libc.a(lib_a-mprec.o)
                0x0000000000008018                __lshift
 .text.__mcmp   0x0000000000008108       0x44 /opt/homebrew/Cellar/arm-none-eabi-gcc/10.3-2021.10/gcc/bin/../lib/gcc/arm-none-eabi/10.3.1/../../../../arm-none-eabi/lib/thumb/v7e-m+fp/hard/libc.a(lib_a-mprec.o)
                0x0000000000008108                __mcmp
 .text.__mdiff  0x000000000000814c      0x14c /opt/homebrew/Cellar/arm-none-eabi-gcc/10.3-2021.10/gcc/bin/../lib/gcc/arm-none-eabi/10.3.1/../../../../arm-none-eabi/lib/thumb/v7e-m+fp/hard/libc.a(lib_a-mprec.o)
                0x000000000000814c                __mdiff
 .text.__d2b    0x0000000000008298       0xd0 /opt/homebrew/Cellar/arm-none-eabi-gcc/10.3-2021.10/gcc/bin/../lib/gcc/arm-none-eabi/10.3.1/../../../../arm-none-eabi/lib/thumb/v7e-m+fp/hard/libc.a(lib_a-mprec.o)
                0x0000000000008298                __d2b
 .text.frexp    0x0000000000008368       0x6c /opt/homebrew/Cellar/arm-none-eabi-gcc/10.3-2021.10/gcc/bin/../lib/gcc/arm-none-eabi/10.3.1/../../../../arm-none-eabi/lib/thumb/v7e-m+fp/hard/libc.a(lib_a-s_frexp.o)
                0x0000000000008368                frexp
 .text._sbrk_r  0x00000000000083d4       0x24 /opt/homebrew/Cellar/arm-none-eabi-gcc/10.3-2021.10/gcc/bin/../lib/gcc/arm-none-eabi/10.3.1/../../../../arm-none-eabi/lib/thumb/v7e-m+fp/hard/libc.a(lib_a-sbrkr.o)
                0x00000000000083d4                _sbrk_r
 .text.__sread  0x00000000000083f8       0x24 /opt/homebrew/Cellar/arm-none-eabi-gcc/10.3-2021.10/gcc/bin/../lib/gcc/arm-none-eabi/10.3.1/../../../../arm-none-eabi/lib/thumb/v7e-m+fp/hard/libc.a(lib_a-stdio.o)
                0x00000000000083f8                __sread
 .text.__swrite
                0x000000000000841c       0x40 /opt/homebrew/Cellar/arm-none-eabi-gcc/10.3-2021.10/gcc/bin/../lib/gcc/arm-none-eabi/10.3.1/../../../../arm-none-eabi/lib/thumb/v7e-m+fp/hard/libc.a(lib_a-stdio.o)
                0x000000000000841c                __swrite
 .text.__sseek  0x000000000000845c       0x20 /opt/homebrew/Cellar/arm-none-eabi-gcc/10.3-2021.10/gcc/bin/../lib/gcc/arm-none-eabi/10.3.1/../../../../arm-none-eabi/lib/thumb/v7e-m+fp/hard/libc.a(lib_a-stdio.o)
                0x000000000000845c                __sseek
 .text.__sclose
                0x000000000000847c        0x8 /opt/homebrew/Cellar/arm-none-eabi-gcc/10.3-2021.10/gcc/bin/../lib/gcc/arm-none-eabi/10.3.1/../../../../arm-none-eabi/lib/thumb/v7e-m+fp/hard/libc.a(lib_a-stdio.o)
                0x000000000000847c                __sclose
 .text.strncpy  0x0000000000008484       0x64 /opt/homebrew/Cellar/arm-none-eabi-gcc/10.3-2021.10/gcc/bin/../lib/gcc/arm-none-eabi/10.3.1/../../../../arm-none-eabi/lib/thumb/v7e-m+fp/hard/libc.a(lib_a-strncpy.o)
                0x0000000000008484                strncpy
 .text.__sprint_r.part.0
                0x00000000000084e8       0x78 /opt/homebrew/Cellar/arm-none-eabi-gcc/10.3-2021.10/gcc/bin/../lib/gcc/arm-none-eabi/10.3.1/../../../../arm-none-eabi/lib/thumb/v7e-m+fp/hard/libc.a(lib_a-vfiprintf.o)
 .text.__sprint_r
                0x0000000000008560       0x18 /opt/homebrew/Cellar/arm-none-eabi-gcc/10.3-2021.10/gcc/bin/../lib/gcc/arm-none-eabi/10.3.1/../../../../arm-none-eabi/lib/thumb/v7e-m+fp/hard/libc.a(lib_a-vfiprintf.o)
                0x0000000000008560                __sprint_r
 .text._vfiprintf_r
                0x0000000000008578      0xdfc /opt/homebrew/Cellar/arm-none-eabi-gcc/10.3-2021.10/gcc/bin/../lib/gcc/arm-none-eabi/10.3.1/../../../../arm-none-eabi/lib/thumb/v7e-m+fp/hard/libc.a(lib_a-vfiprintf.o)
                0x0000000000008578                _vfiprintf_r
 .text.__sbprintf
                0x0000000000009374       0x80 /opt/homebrew/Cellar/arm-none-eabi-gcc/10.3-2021.10/gcc/bin/../lib/gcc/arm-none-eabi/10.3.1/../../../../arm-none-eabi/lib/thumb/v7e-m+fp/hard/libc.a(lib_a-vfiprintf.o)
 .text._write_r
                0x00000000000093f4       0x2c /opt/homebrew/Cellar/arm-none-eabi-gcc/10.3-2021.10/gcc/bin/../lib/gcc/arm-none-eabi/10.3.1/../../../../arm-none-eabi/lib/thumb/v7e-m+fp/hard/libc.a(lib_a-writer.o)
                0x00000000000093f4                _write_r
 .text.__register_exitproc
                0x0000000000009420       0x8c /opt/homebrew/Cellar/arm-none-eabi-gcc/10.3-2021.10/gcc/bin/../lib/gcc/arm-none-eabi/10.3.1/../../../../arm-none-eabi/lib/thumb/v7e-m+fp/hard/libc.a(lib_a-__atexit.o)
                0x0000000000009420                __register_exitproc
 .text.__assert_func
                0x00000000000094ac       0x40 /opt/homebrew/Cellar/arm-none-eabi-gcc/10.3-2021.10/gcc/bin/../lib/gcc/arm-none-eabi/10.3.1/../../../../arm-none-eabi/lib/thumb/v7e-m+fp/hard/libc.a(lib_a-assert.o)
                0x00000000000094ac                __assert_func
 .text._calloc_r
                0x00000000000094ec       0x78 /opt/homebrew/Cellar/arm-none-eabi-gcc/10.3-2021.10/gcc/bin/../lib/gcc/arm-none-eabi/10.3.1/../../../../arm-none-eabi/lib/thumb/v7e-m+fp/hard/libc.a(lib_a-callocr.o)
                0x00000000000094ec                _calloc_r
 .text._close_r
                0x0000000000009564       0x24 /opt/homebrew/Cellar/arm-none-eabi-gcc/10.3-2021.10/gcc/bin/../lib/gcc/arm-none-eabi/10.3.1/../../../../arm-none-eabi/lib/thumb/v7e-m+fp/hard/libc.a(lib_a-closer.o)
                0x0000000000009564                _close_r
 .text.__errno  0x0000000000009588        0xc /opt/homebrew/Cellar/arm-none-eabi-gcc/10.3-2021.10/gcc/bin/../lib/gcc/arm-none-eabi/10.3.1/../../../../arm-none-eabi/lib/thumb/v7e-m+fp/hard/libc.a(lib_a-errno.o)
                0x0000000000009588                __errno
 .text._fclose_r
                0x0000000000009594       0xcc /opt/homebrew/Cellar/arm-none-eabi-gcc/10.3-2021.10/gcc/bin/../lib/gcc/arm-none-eabi/10.3.1/../../../../arm-none-eabi/lib/thumb/v7e-m+fp/hard/libc.a(lib_a-fclose.o)
                0x0000000000009594                _fclose_r
 .text.fiprintf
                0x0000000000009660       0x28 /opt/homebrew/Cellar/arm-none-eabi-gcc/10.3-2021.10/gcc/bin/../lib/gcc/arm-none-eabi/10.3.1/../../../../arm-none-eabi/lib/thumb/v7e-m+fp/hard/libc.a(lib_a-fiprintf.o)
                0x0000000000009660                fiprintf
 .text.__fputwc
                0x0000000000009688       0xa8 /opt/homebrew/Cellar/arm-none-eabi-gcc/10.3-2021.10/gcc/bin/../lib/gcc/arm-none-eabi/10.3.1/../../../../arm-none-eabi/lib/thumb/v7e-m+fp/hard/libc.a(lib_a-fputwc.o)
                0x0000000000009688                __fputwc
 .text._fputwc_r
                0x0000000000009730       0x68 /opt/homebrew/Cellar/arm-none-eabi-gcc/10.3-2021.10/gcc/bin/../lib/gcc/arm-none-eabi/10.3.1/../../../../arm-none-eabi/lib/thumb/v7e-m+fp/hard/libc.a(lib_a-fputwc.o)
                0x0000000000009730                _fputwc_r
 .text._fstat_r
                0x0000000000009798       0x2c /opt/homebrew/Cellar/arm-none-eabi-gcc/10.3-2021.10/gcc/bin/../lib/gcc/arm-none-eabi/10.3.1/../../../../arm-none-eabi/lib/thumb/v7e-m+fp/hard/libc.a(lib_a-fstatr.o)
                0x0000000000009798                _fstat_r
 .text.__sfvwrite_r
                0x00000000000097c4      0x2f0 /opt/homebrew/Cellar/arm-none-eabi-gcc/10.3-2021.10/gcc/bin/../lib/gcc/arm-none-eabi/10.3.1/../../../../arm-none-eabi/lib/thumb/v7e-m+fp/hard/libc.a(lib_a-fvwrite.o)
                0x00000000000097c4                __sfvwrite_r
 .text._isatty_r
                0x0000000000009ab4       0x24 /opt/homebrew/Cellar/arm-none-eabi-gcc/10.3-2021.10/gcc/bin/../lib/gcc/arm-none-eabi/10.3.1/../../../../arm-none-eabi/lib/thumb/v7e-m+fp/hard/libc.a(lib_a-isattyr.o)
                0x0000000000009ab4                _isatty_r
 .text.__locale_mb_cur_max
                0x0000000000009ad8        0xc /opt/homebrew/Cellar/arm-none-eabi-gcc/10.3-2021.10/gcc/bin/../lib/gcc/arm-none-eabi/10.3.1/../../../../arm-none-eabi/lib/thumb/v7e-m+fp/hard/libc.a(lib_a-locale.o)
                0x0000000000009ad8                __locale_mb_cur_max
 .text._lseek_r
                0x0000000000009ae4       0x2c /opt/homebrew/Cellar/arm-none-eabi-gcc/10.3-2021.10/gcc/bin/../lib/gcc/arm-none-eabi/10.3.1/../../../../arm-none-eabi/lib/thumb/v7e-m+fp/hard/libc.a(lib_a-lseekr.o)
                0x0000000000009ae4                _lseek_r
 .text.__ascii_mbtowc
                0x0000000000009b10       0x2c /opt/homebrew/Cellar/arm-none-eabi-gcc/10.3-2021.10/gcc/bin/../lib/gcc/arm-none-eabi/10.3.1/../../../../arm-none-eabi/lib/thumb/v7e-m+fp/hard/libc.a(lib_a-mbtowc_r.o)
                0x0000000000009b10                __ascii_mbtowc
 .text.memmove  0x0000000000009b3c       0xf8 /opt/homebrew/Cellar/arm-none-eabi-gcc/10.3-2021.10/gcc/bin/../lib/gcc/arm-none-eabi/10.3.1/../../../../arm-none-eabi/lib/thumb/v7e-m+fp/hard/libc.a(lib_a-memmove.o)
                0x0000000000009b3c                memmove
 .text._read_r  0x0000000000009c34       0x2c /opt/homebrew/Cellar/arm-none-eabi-gcc/10.3-2021.10/gcc/bin/../lib/gcc/arm-none-eabi/10.3.1/../../../../arm-none-eabi/lib/thumb/v7e-m+fp/hard/libc.a(lib_a-readr.o)
                0x0000000000009c34                _read_r
 .text._realloc_r
                0x0000000000009c60      0x3d8 /opt/homebrew/Cellar/arm-none-eabi-gcc/10.3-2021.10/gcc/bin/../lib/gcc/arm-none-eabi/10.3.1/../../../../arm-none-eabi/lib/thumb/v7e-m+fp/hard/libc.a(lib_a-reallocr.o)
                0x0000000000009c60                _realloc_r
 .text.__swbuf_r
                0x000000000000a038       0xb0 /opt/homebrew/Cellar/arm-none-eabi-gcc/10.3-2021.10/gcc/bin/../lib/gcc/arm-none-eabi/10.3.1/../../../../arm-none-eabi/lib/thumb/v7e-m+fp/hard/libc.a(lib_a-wbuf.o)
                0x000000000000a038                __swbuf_r
 .text._wcrtomb_r
                0x000000000000a0e8       0x3c /opt/homebrew/Cellar/arm-none-eabi-gcc/10.3-2021.10/gcc/bin/../lib/gcc/arm-none-eabi/10.3.1/../../../../arm-none-eabi/lib/thumb/v7e-m+fp/hard/libc.a(lib_a-wcrtomb.o)
                0x000000000000a0e8                _wcrtomb_r
 .text.__ascii_wctomb
                0x000000000000a124       0x1c /opt/homebrew/Cellar/arm-none-eabi-gcc/10.3-2021.10/gcc/bin/../lib/gcc/arm-none-eabi/10.3.1/../../../../arm-none-eabi/lib/thumb/v7e-m+fp/hard/libc.a(lib_a-wctomb_r.o)
                0x000000000000a124                __ascii_wctomb
 .text.abort    0x000000000000a140       0x10 /opt/homebrew/Cellar/arm-none-eabi-gcc/10.3-2021.10/gcc/bin/../lib/gcc/arm-none-eabi/10.3.1/../../../../arm-none-eabi/lib/thumb/v7e-m+fp/hard/libc.a(lib_a-abort.o)
                0x000000000000a140                abort
 .text.raise    0x000000000000a150       0x5c /opt/homebrew/Cellar/arm-none-eabi-gcc/10.3-2021.10/gcc/bin/../lib/gcc/arm-none-eabi/10.3.1/../../../../arm-none-eabi/lib/thumb/v7e-m+fp/hard/libc.a(lib_a-signal.o)
                0x000000000000a150                raise
 .text._kill_r  0x000000000000a1ac       0x2c /opt/homebrew/Cellar/arm-none-eabi-gcc/10.3-2021.10/gcc/bin/../lib/gcc/arm-none-eabi/10.3.1/../../../../arm-none-eabi/lib/thumb/v7e-m+fp/hard/libc.a(lib_a-signalr.o)
                0x000000000000a1ac                _kill_r
 .text._getpid_r
                0x000000000000a1d8        0x4 /opt/homebrew/Cellar/arm-none-eabi-gcc/10.3-2021.10/gcc/bin/../lib/gcc/arm-none-eabi/10.3.1/../../../../arm-none-eabi/lib/thumb/v7e-m+fp/hard/libc.a(lib_a-signalr.o)
                0x000000000000a1d8                _getpid_r
 .text._close   0x000000000000a1dc       0x10 /opt/homebrew/Cellar/arm-none-eabi-gcc/10.3-2021.10/gcc/bin/../lib/gcc/arm-none-eabi/10.3.1/../../../../arm-none-eabi/lib/thumb/v7e-m+fp/hard/libnosys.a(close.o)
                0x000000000000a1dc                _close
 .text._fstat   0x000000000000a1ec       0x10 /opt/homebrew/Cellar/arm-none-eabi-gcc/10.3-2021.10/gcc/bin/../lib/gcc/arm-none-eabi/10.3.1/../../../../arm-none-eabi/lib/thumb/v7e-m+fp/hard/libnosys.a(fstat.o)
                0x000000000000a1ec                _fstat
 .text._getpid  0x000000000000a1fc       0x10 /opt/homebrew/Cellar/arm-none-eabi-gcc/10.3-2021.10/gcc/bin/../lib/gcc/arm-none-eabi/10.3.1/../../../../arm-none-eabi/lib/thumb/v7e-m+fp/hard/libnosys.a(getpid.o)
                0x000000000000a1fc                _getpid
 .text._isatty  0x000000000000a20c       0x10 /opt/homebrew/Cellar/arm-none-eabi-gcc/10.3-2021.10/gcc/bin/../lib/gcc/arm-none-eabi/10.3.1/../../../../arm-none-eabi/lib/thumb/v7e-m+fp/hard/libnosys.a(isatty.o)
                0x000000000000a20c                _isatty
 .text._kill    0x000000000000a21c       0x10 /opt/homebrew/Cellar/arm-none-eabi-gcc/10.3-2021.10/gcc/bin/../lib/gcc/arm-none-eabi/10.3.1/../../../../arm-none-eabi/lib/thumb/v7e-m+fp/hard/libnosys.a(kill.o)
                0x000000000000a21c                _kill
 .text._lseek   0x000000000000a22c       0x10 /opt/homebrew/Cellar/arm-none-eabi-gcc/10.3-2021.10/gcc/bin/../lib/gcc/arm-none-eabi/10.3.1/../../../../arm-none-eabi/lib/thumb/v7e-m+fp/hard/libnosys.a(lseek.o)
                0x000000000000a22c                _lseek
 .text._sbrk    0x000000000000a23c       0x1c /opt/homebrew/Cellar/arm-none-eabi-gcc/10.3-2021.10/gcc/bin/../lib/gcc/arm-none-eabi/10.3.1/../../../../arm-none-eabi/lib/thumb/v7e-m+fp/hard/libnosys.a(sbrk.o)
                0x000000000000a23c                _sbrk
 .text._exit    0x000000000000a258        0x4 /opt/homebrew/Cellar/arm-none-eabi-gcc/10.3-2021.10/gcc/bin/../lib/gcc/arm-none-eabi/10.3.1/../../../../arm-none-eabi/lib/thumb/v7e-m+fp/hard/libnosys.a(_exit.o)
                0x000000000000a258                _exit
 *fill*         0x000000000000a25c        0x4 
 .text.pow      0x000000000000a260       0xf0 /opt/homebrew/Cellar/arm-none-eabi-gcc/10.3-2021.10/gcc/bin/../lib/gcc/arm-none-eabi/10.3.1/../../../../arm-none-eabi/lib/thumb/v7e-m+fp/hard/libm.a(lib_a-w_pow.o)
                0x000000000000a260                pow
 .text.__ieee754_pow
                0x000000000000a350      0xb74 /opt/homebrew/Cellar/arm-none-eabi-gcc/10.3-2021.10/gcc/bin/../lib/gcc/arm-none-eabi/10.3.1/../../../../arm-none-eabi/lib/thumb/v7e-m+fp/hard/libm.a(lib_a-e_pow.o)
                0x000000000000a350                __ieee754_pow
 .text.__ieee754_sqrt
                0x000000000000aec4      0x198 /opt/homebrew/Cellar/arm-none-eabi-gcc/10.3-2021.10/gcc/bin/../lib/gcc/arm-none-eabi/10.3.1/../../../../arm-none-eabi/lib/thumb/v7e-m+fp/hard/libm.a(lib_a-e_sqrt.o)
                0x000000000000aec4                __ieee754_sqrt
 .text.with_errno
                0x000000000000b05c       0x18 /opt/homebrew/Cellar/arm-none-eabi-gcc/10.3-2021.10/gcc/bin/../lib/gcc/arm-none-eabi/10.3.1/../../../../arm-none-eabi/lib/thumb/v7e-m+fp/hard/libm.a(lib_a-math_err.o)
 .text.xflow    0x000000000000b074       0x2c /opt/homebrew/Cellar/arm-none-eabi-gcc/10.3-2021.10/gcc/bin/../lib/gcc/arm-none-eabi/10.3.1/../../../../arm-none-eabi/lib/thumb/v7e-m+fp/hard/libm.a(lib_a-math_err.o)
 .text.__math_uflow
                0x000000000000b0a0       0x14 /opt/homebrew/Cellar/arm-none-eabi-gcc/10.3-2021.10/gcc/bin/../lib/gcc/arm-none-eabi/10.3.1/../../../../arm-none-eabi/lib/thumb/v7e-m+fp/hard/libm.a(lib_a-math_err.o)
                0x000000000000b0a0                __math_uflow
 .text.__math_oflow
                0x000000000000b0b4       0x14 /opt/homebrew/Cellar/arm-none-eabi-gcc/10.3-2021.10/gcc/bin/../lib/gcc/arm-none-eabi/10.3.1/../../../../arm-none-eabi/lib/thumb/v7e-m+fp/hard/libm.a(lib_a-math_err.o)
                0x000000000000b0b4                __math_oflow
 .text.fabs     0x000000000000b0c8       0x14 /opt/homebrew/Cellar/arm-none-eabi-gcc/10.3-2021.10/gcc/bin/../lib/gcc/arm-none-eabi/10.3.1/../../../../arm-none-eabi/lib/thumb/v7e-m+fp/hard/libm.a(lib_a-s_fabs.o)
                0x000000000000b0c8                fabs
 .text.finite   0x000000000000b0dc       0x18 /opt/homebrew/Cellar/arm-none-eabi-gcc/10.3-2021.10/gcc/bin/../lib/gcc/arm-none-eabi/10.3.1/../../../../arm-none-eabi/lib/thumb/v7e-m+fp/hard/libm.a(lib_a-s_finite.o)
                0x000000000000b0dc                finite
 *fill*         0x000000000000b0f4        0x4 
 .text.scalbn   0x000000000000b0f8      0x124 /opt/homebrew/Cellar/arm-none-eabi-gcc/10.3-2021.10/gcc/bin/../lib/gcc/arm-none-eabi/10.3.1/../../../../arm-none-eabi/lib/thumb/v7e-m+fp/hard/libm.a(lib_a-s_scalbn.o)
                0x000000000000b0f8                scalbn
 .text          0x000000000000b21c      0x378 /opt/homebrew/Cellar/arm-none-eabi-gcc/10.3-2021.10/gcc/bin/../lib/gcc/arm-none-eabi/10.3.1/thumb/v7e-m+fp/hard/libgcc.a(_arm_addsubdf3.o)
                0x000000000000b21c                __aeabi_drsub
                0x000000000000b224                __subdf3
                0x000000000000b224                __aeabi_dsub
                0x000000000000b228                __aeabi_dadd
                0x000000000000b228                __adddf3
                0x000000000000b4a0                __aeabi_ui2d
                0x000000000000b4a0                __floatunsidf
                0x000000000000b4c0                __floatsidf
                0x000000000000b4c0                __aeabi_i2d
                0x000000000000b4e4                __extendsfdf2
                0x000000000000b4e4                __aeabi_f2d
                0x000000000000b528                __aeabi_ul2d
                0x000000000000b528                __floatundidf
                0x000000000000b538                __aeabi_l2d
                0x000000000000b538                __floatdidf
 .text          0x000000000000b594      0x424 /opt/homebrew/Cellar/arm-none-eabi-gcc/10.3-2021.10/gcc/bin/../lib/gcc/arm-none-eabi/10.3.1/thumb/v7e-m+fp/hard/libgcc.a(_arm_muldivdf3.o)
                0x000000000000b594                __aeabi_dmul
                0x000000000000b594                __muldf3
                0x000000000000b7e8                __aeabi_ddiv
                0x000000000000b7e8                __divdf3
 .text          0x000000000000b9b8      0x110 /opt/homebrew/Cellar/arm-none-eabi-gcc/10.3-2021.10/gcc/bin/../lib/gcc/arm-none-eabi/10.3.1/thumb/v7e-m+fp/hard/libgcc.a(_arm_cmpdf2.o)
                0x000000000000b9b8                __gedf2
                0x000000000000b9b8                __gtdf2
                0x000000000000b9c0                __ledf2
                0x000000000000b9c0                __ltdf2
                0x000000000000b9c8                __cmpdf2
                0x000000000000b9c8                __eqdf2
                0x000000000000b9c8                __nedf2
                0x000000000000ba44                __aeabi_cdrcmple
                0x000000000000ba54                __aeabi_cdcmple
                0x000000000000ba54                __aeabi_cdcmpeq
                0x000000000000ba64                __aeabi_dcmpeq
                0x000000000000ba78                __aeabi_dcmplt
                0x000000000000ba8c                __aeabi_dcmple
                0x000000000000baa0                __aeabi_dcmpge
                0x000000000000bab4                __aeabi_dcmpgt
 .text          0x000000000000bac8       0x2c /opt/homebrew/Cellar/arm-none-eabi-gcc/10.3-2021.10/gcc/bin/../lib/gcc/arm-none-eabi/10.3.1/thumb/v7e-m+fp/hard/libgcc.a(_arm_unorddf2.o)
                0x000000000000bac8                __aeabi_dcmpun
                0x000000000000bac8                __unorddf2
 .text          0x000000000000baf4       0x50 /opt/homebrew/Cellar/arm-none-eabi-gcc/10.3-2021.10/gcc/bin/../lib/gcc/arm-none-eabi/10.3.1/thumb/v7e-m+fp/hard/libgcc.a(_arm_fixdfsi.o)
                0x000000000000baf4                __fixdfsi
                0x000000000000baf4                __aeabi_d2iz
 .text          0x000000000000bb44       0xa0 /opt/homebrew/Cellar/arm-none-eabi-gcc/10.3-2021.10/gcc/bin/../lib/gcc/arm-none-eabi/10.3.1/thumb/v7e-m+fp/hard/libgcc.a(_arm_truncdfsf2.o)
                0x000000000000bb44                __aeabi_d2f
                0x000000000000bb44                __truncdfsf2
 .text          0x000000000000bbe4       0x30 /opt/homebrew/Cellar/arm-none-eabi-gcc/10.3-2021.10/gcc/bin/../lib/gcc/arm-none-eabi/10.3.1/thumb/v7e-m+fp/hard/libgcc.a(_aeabi_uldivmod.o)
                0x000000000000bbe4                __aeabi_uldivmod
 .text          0x000000000000bc14      0x2d0 /opt/homebrew/Cellar/arm-none-eabi-gcc/10.3-2021.10/gcc/bin/../lib/gcc/arm-none-eabi/10.3.1/thumb/v7e-m+fp/hard/libgcc.a(_udivmoddi4.o)
                0x000000000000bc14                __udivmoddi4
 .text          0x000000000000bee4        0x4 /opt/homebrew/Cellar/arm-none-eabi-gcc/10.3-2021.10/gcc/bin/../lib/gcc/arm-none-eabi/10.3.1/thumb/v7e-m+fp/hard/libgcc.a(_dvmd_tls.o)
                0x000000000000bee4                __aeabi_ldiv0
                0x000000000000bee4                __aeabi_idiv0
 *(.init)
 .init          0x000000000000bee8        0x4 /opt/homebrew/Cellar/arm-none-eabi-gcc/10.3-2021.10/gcc/bin/../lib/gcc/arm-none-eabi/10.3.1/thumb/v7e-m+fp/hard/crti.o
                0x000000000000bee8                _init
 .init          0x000000000000beec        0x8 /opt/homebrew/Cellar/arm-none-eabi-gcc/10.3-2021.10/gcc/bin/../lib/gcc/arm-none-eabi/10.3.1/thumb/v7e-m+fp/hard/crtn.o
 *(.fini)
 .fini          0x000000000000bef4        0x4 /opt/homebrew/Cellar/arm-none-eabi-gcc/10.3-2021.10/gcc/bin/../lib/gcc/arm-none-eabi/10.3.1/thumb/v7e-m+fp/hard/crti.o
                0x000000000000bef4                _fini
 .fini          0x000000000000bef8        0x8 /opt/homebrew/Cellar/arm-none-eabi-gcc/10.3-2021.10/gcc/bin/../lib/gcc/arm-none-eabi/10.3.1/thumb/v7e-m+fp/hard/crtn.o
 *crtbegin.o(.ctors)
 *crtbegin?.o(.ctors)
 *(EXCLUDE_FILE(*crtend.o *crtend?.o) .ctors)
 *(SORT_BY_NAME(.ctors.*))
 *(.ctors)
 *crtbegin.o(.dtors)
 *crtbegin?.o(.dtors)
 *(EXCLUDE_FILE(*crtend.o *crtend?.o) .dtors)
 *(SORT_BY_NAME(.dtors.*))
 *(.dtors)
 *(.rodata*)
 .rodata.nrf_gpio_pin_port_decode.str1.1
                0x000000000000bf00       0x43 _build/main.o
 .rodata.led_callback.str1.1
                0x000000000000bf43       0x12 _build/main.o
 .rodata.main.str1.1
                0x000000000000bf55       0x10 _build/main.o
 .rodata        0x000000000000bf65        0xd _build/main.o
 *fill*         0x000000000000bf72        0xe 
 .rodata.delay_machine_code.0
                0x000000000000bf80        0x6 _build/main.o
 *fill*         0x000000000000bf86        0x2 
 .rodata.led_timer
                0x000000000000bf88        0x4 _build/main.o
 .rodata.nrf_gpio_pin_port_decode.str1.1
                0x000000000000bf8c       0x43 _build/better_error_handling.o
 .rodata.app_error_fault_handler.str1.1
                0x000000000000bf8c       0x78 _build/better_error_handling.o
 .rodata.HardFault_c_handler.str1.1
                0x000000000000c004      0x12e _build/better_error_handling.o
 .rodata.str1.1
                0x000000000000c132      0x4b6 _build/better_error_handling.o
 .rodata.LED_COLS
                0x000000000000c5e8        0x5 _build/better_error_handling.o
 .rodata.LED_ROWS
                0x000000000000c5ed        0x5 _build/better_error_handling.o
 *fill*         0x000000000000c5f2        0x2 
 .rodata.cfsr_msgs.0
                0x000000000000c5f4       0x68 _build/better_error_handling.o
 *fill*         0x000000000000c65c        0x4 
 .rodata.delay_machine_code.1
                0x000000000000c660        0x6 _build/better_error_handling.o
 .rodata.called_first.str1.1
                0x000000000000c666       0x5b _build/microbit_before_startup.o
 *fill*         0x000000000000c6c1        0xf 
 .rodata.delay_machine_code.0
                0x000000000000c6d0        0x6 _build/microbit_before_startup.o
 .rodata.uart_init.constprop.0.str1.1
                0x000000000000c6d6       0x61 _build/microbit_nrf_log_backend_uart.o
 *fill*         0x000000000000c737        0x1 
 .rodata        0x000000000000c738       0x20 _build/microbit_nrf_log_backend_uart.o
 .rodata.nrf_log_backend_uart_api
                0x000000000000c758        0xc _build/microbit_nrf_log_backend_uart.o
                0x000000000000c758                nrf_log_backend_uart_api
 *fill*         0x000000000000c764        0xc 
 .rodata.delay_machine_code.0
                0x000000000000c770        0x6 _build/app_timer.o
 .rodata.app_util_critical_region_enter.str1.1
                0x000000000000c776       0x55 _build/app_util_platform.o
 .rodata.nrf_balloc_init.str1.1
                0x000000000000c7cb       0x50 _build/nrf_balloc.o
 .rodata.str1.1
                0x000000000000c81b        0x6 _build/nrf_drv_clock.o
 .rodata.nrf_fprintf_buffer_flush.str1.1
                0x000000000000c821       0x46 _build/nrf_fprintf.o
 .rodata.nrf_fprintf_fmt.str1.1
                0x000000000000c867       0x4d _build/nrf_fprintf_format.o
 .rodata._aV2C.0
                0x000000000000c8b4       0x10 _build/nrf_fprintf_format.o
 .rodata.nrf_log_default_backends_init.str1.1
                0x000000000000c8c4       0x5f _build/nrf_log_default_backends.o
 .rodata.str1.1
                0x000000000000c923       0x11 _build/nrf_log_default_backends.o
 .rodata.buf_prealloc.str1.1
                0x000000000000c934       0x57 _build/nrf_log_frontend.o
 .rodata.nrf_log_frontend_dequeue.str1.1
                0x000000000000c98b       0x11 _build/nrf_log_frontend.o
 .rodata.str1.1
                0x000000000000c99c        0x4 _build/nrf_log_frontend.o
 .rodata.m_log_push_ringbuf
                0x000000000000c9a0        0xc _build/nrf_log_frontend.o
 .rodata.prefix_process.str1.1
                0x000000000000c9ac       0x32 _build/nrf_log_str_formatter.o
 .rodata.postfix_process.str1.1
                0x000000000000c9de       0x32 _build/nrf_log_str_formatter.o
                                          0x3 (size before relaxing)
 .rodata.nrf_log_hexdump_entry_process.str1.1
                0x000000000000c9de        0xf _build/nrf_log_str_formatter.o
                                         0x11 (size before relaxing)
 .rodata.str1.1
                0x000000000000c9ed       0x4b _build/nrf_log_str_formatter.o
                                         0x51 (size before relaxing)
 .rodata.m_colors
                0x000000000000ca38       0x24 _build/nrf_log_str_formatter.o
 .rodata.severity_names
                0x000000000000ca5c       0x14 _build/nrf_log_str_formatter.o
 .rodata.memobj_op.str1.1
                0x000000000000ca70       0x50 _build/nrf_memobj.o
 .rodata.str1.1
                0x000000000000cac0        0x9 _build/nrf_pwr_mgmt.o
 .rodata.str1.1
                0x000000000000cac9      0x391 _build/nrf_strerror.o
 .rodata.m_unknown_str
                0x000000000000ce5a       0x13 _build/nrf_strerror.o
 *fill*         0x000000000000ce6d        0x3 
 .rodata.nrf_strerror_array
                0x000000000000ce70      0x118 _build/nrf_strerror.o
 .rodata.str1.1
                0x000000000000cf88        0x6 _build/nrfx_clock.o
 .rodata.nrf_gpio_pin_port_decode.str1.1
                0x000000000000cf8e       0x43 _build/nrfx_gpiote.o
 .rodata.str1.1
                0x000000000000cf8e        0x7 _build/nrfx_gpiote.o
 .rodata.UARTE0_UART0_IRQHandler.str1.1
                0x000000000000cf95       0x4f _build/nrfx_prs.o
 .rodata.str1.1
                0x000000000000cfe4        0x4 _build/nrfx_prs.o
 .rodata.str1.1
                0x000000000000cfe8        0x4 _build/nrfx_pwm.o
 .rodata.nrfx_saadc_init.str1.1
                0x000000000000cfec       0x91 _build/nrfx_saadc.o
 .rodata.str1.1
                0x000000000000d07d        0x6 _build/nrfx_saadc.o
 .rodata.nrf_gpio_pin_port_decode.str1.1
                0x000000000000d083       0x43 _build/nrfx_spim.o
 .rodata.SPIM2_SPIS2_SPI2_IRQHandler.str1.1
                0x000000000000d083       0x4c _build/nrfx_spim.o
 .rodata.str1.1
                0x000000000000d0cf        0x5 _build/nrfx_spim.o
 .rodata.str1.1
                0x000000000000d0d4        0x6 _build/nrfx_timer.o
 .rodata.twim_irq_handler.str1.1
                0x000000000000d0da       0x4c _build/nrfx_twim.o
 .rodata.str1.1
                0x000000000000d126        0x5 _build/nrfx_twim.o
 .rodata.nrf_gpio_pin_port_decode.str1.1
                0x000000000000d12b       0x43 _build/nrfx_uart.o
 .rodata.nrfx_uart_init.str1.1
                0x000000000000d12b       0x4c _build/nrfx_uart.o
                                         0x90 (size before relaxing)
 .rodata.str1.1
                0x000000000000d177        0x5 _build/nrfx_uart.o
 .rodata.nrf_gpio_pin_port_decode.str1.1
                0x000000000000d17c       0x43 _build/nrfx_uarte.o
 .rodata.nrfx_uarte_init.str1.1
                0x000000000000d17c       0x4d _build/nrfx_uarte.o
                                         0x91 (size before relaxing)
 .rodata.str1.1
                0x000000000000d1c9        0x6 _build/nrfx_uarte.o
 *fill*         0x000000000000d1cf        0x1 
 .rodata._ctype_
                0x000000000000d1d0      0x101 /opt/homebrew/Cellar/arm-none-eabi-gcc/10.3-2021.10/gcc/bin/../lib/gcc/arm-none-eabi/10.3.1/../../../../arm-none-eabi/lib/thumb/v7e-m+fp/hard/libc.a(lib_a-ctype_.o)
                0x000000000000d1d0                _ctype_
 *fill*         0x000000000000d2d1        0x3 
 .rodata._global_impure_ptr
                0x000000000000d2d4        0x4 /opt/homebrew/Cellar/arm-none-eabi-gcc/10.3-2021.10/gcc/bin/../lib/gcc/arm-none-eabi/10.3.1/../../../../arm-none-eabi/lib/thumb/v7e-m+fp/hard/libc.a(lib_a-impure.o)
                0x000000000000d2d4                _global_impure_ptr
 .rodata._vfprintf_r.str1.4
                0x000000000000d2d8       0x42 /opt/homebrew/Cellar/arm-none-eabi-gcc/10.3-2021.10/gcc/bin/../lib/gcc/arm-none-eabi/10.3.1/../../../../arm-none-eabi/lib/thumb/v7e-m+fp/hard/libc.a(lib_a-vfprintf.o)
 *fill*         0x000000000000d31a        0x2 
 .rodata.blanks.1
                0x000000000000d31c       0x10 /opt/homebrew/Cellar/arm-none-eabi-gcc/10.3-2021.10/gcc/bin/../lib/gcc/arm-none-eabi/10.3.1/../../../../arm-none-eabi/lib/thumb/v7e-m+fp/hard/libc.a(lib_a-vfprintf.o)
 .rodata.zeroes.0
                0x000000000000d32c       0x10 /opt/homebrew/Cellar/arm-none-eabi-gcc/10.3-2021.10/gcc/bin/../lib/gcc/arm-none-eabi/10.3.1/../../../../arm-none-eabi/lib/thumb/v7e-m+fp/hard/libc.a(lib_a-vfprintf.o)
 .rodata._dtoa_r.str1.4
                0x000000000000d33c       0x7e /opt/homebrew/Cellar/arm-none-eabi-gcc/10.3-2021.10/gcc/bin/../lib/gcc/arm-none-eabi/10.3.1/../../../../arm-none-eabi/lib/thumb/v7e-m+fp/hard/libc.a(lib_a-dtoa.o)
                                         0x82 (size before relaxing)
 *fill*         0x000000000000d3ba        0x2 
 .rodata.__multadd.str1.4
                0x000000000000d3bc       0x5b /opt/homebrew/Cellar/arm-none-eabi-gcc/10.3-2021.10/gcc/bin/../lib/gcc/arm-none-eabi/10.3.1/../../../../arm-none-eabi/lib/thumb/v7e-m+fp/hard/libc.a(lib_a-mprec.o)
                                         0x6f (size before relaxing)
 *fill*         0x000000000000d417        0x1 
 .rodata.__mprec_bigtens
                0x000000000000d418       0x28 /opt/homebrew/Cellar/arm-none-eabi-gcc/10.3-2021.10/gcc/bin/../lib/gcc/arm-none-eabi/10.3.1/../../../../arm-none-eabi/lib/thumb/v7e-m+fp/hard/libc.a(lib_a-mprec.o)
                0x000000000000d418                __mprec_bigtens
 .rodata.__mprec_tens
                0x000000000000d440       0xc8 /opt/homebrew/Cellar/arm-none-eabi-gcc/10.3-2021.10/gcc/bin/../lib/gcc/arm-none-eabi/10.3.1/../../../../arm-none-eabi/lib/thumb/v7e-m+fp/hard/libc.a(lib_a-mprec.o)
                0x000000000000d440                __mprec_tens
 .rodata.p05.0  0x000000000000d508        0xc /opt/homebrew/Cellar/arm-none-eabi-gcc/10.3-2021.10/gcc/bin/../lib/gcc/arm-none-eabi/10.3.1/../../../../arm-none-eabi/lib/thumb/v7e-m+fp/hard/libc.a(lib_a-mprec.o)
 .rodata._vfiprintf_r.str1.4
                0x000000000000d514       0x2f /opt/homebrew/Cellar/arm-none-eabi-gcc/10.3-2021.10/gcc/bin/../lib/gcc/arm-none-eabi/10.3.1/../../../../arm-none-eabi/lib/thumb/v7e-m+fp/hard/libc.a(lib_a-vfiprintf.o)
 .rodata.blanks.1
                0x000000000000d514       0x10 /opt/homebrew/Cellar/arm-none-eabi-gcc/10.3-2021.10/gcc/bin/../lib/gcc/arm-none-eabi/10.3.1/../../../../arm-none-eabi/lib/thumb/v7e-m+fp/hard/libc.a(lib_a-vfiprintf.o)
 .rodata.zeroes.0
                0x000000000000d524       0x10 /opt/homebrew/Cellar/arm-none-eabi-gcc/10.3-2021.10/gcc/bin/../lib/gcc/arm-none-eabi/10.3.1/../../../../arm-none-eabi/lib/thumb/v7e-m+fp/hard/libc.a(lib_a-vfiprintf.o)
 .rodata.__assert_func.str1.4
                0x000000000000d534       0x3f /opt/homebrew/Cellar/arm-none-eabi-gcc/10.3-2021.10/gcc/bin/../lib/gcc/arm-none-eabi/10.3.1/../../../../arm-none-eabi/lib/thumb/v7e-m+fp/hard/libc.a(lib_a-assert.o)
                                         0x43 (size before relaxing)
 *fill*         0x000000000000d573        0x1 
 .rodata._setlocale_r.str1.4
                0x000000000000d574        0xa /opt/homebrew/Cellar/arm-none-eabi-gcc/10.3-2021.10/gcc/bin/../lib/gcc/arm-none-eabi/10.3.1/../../../../arm-none-eabi/lib/thumb/v7e-m+fp/hard/libc.a(lib_a-locale.o)
                                          0xd (size before relaxing)
 *fill*         0x000000000000d57e        0x2 
 .rodata.str1.4
                0x000000000000d580        0x2 /opt/homebrew/Cellar/arm-none-eabi-gcc/10.3-2021.10/gcc/bin/../lib/gcc/arm-none-eabi/10.3.1/../../../../arm-none-eabi/lib/thumb/v7e-m+fp/hard/libc.a(lib_a-locale.o)
 *(.eh_frame*)
 *fill*         0x000000000000d582        0x2 
 .eh_frame      0x000000000000d584        0x0 /opt/homebrew/Cellar/arm-none-eabi-gcc/10.3-2021.10/gcc/bin/../lib/gcc/arm-none-eabi/10.3.1/thumb/v7e-m+fp/hard/crtbegin.o
 .eh_frame      0x000000000000d584        0x4 /opt/homebrew/Cellar/arm-none-eabi-gcc/10.3-2021.10/gcc/bin/../lib/gcc/arm-none-eabi/10.3.1/thumb/v7e-m+fp/hard/crtend.o

.glue_7         0x000000000000d588        0x0
 .glue_7        0x000000000000d588        0x0 linker stubs

.glue_7t        0x000000000000d588        0x0
 .glue_7t       0x000000000000d588        0x0 linker stubs

.vfp11_veneer   0x000000000000d588        0x0
 .vfp11_veneer  0x000000000000d588        0x0 linker stubs

.v4_bx          0x000000000000d588        0x0
 .v4_bx         0x000000000000d588        0x0 linker stubs

.iplt           0x000000000000d588        0x0
 .iplt          0x000000000000d588        0x0 /opt/homebrew/Cellar/arm-none-eabi-gcc/10.3-2021.10/gcc/bin/../lib/gcc/arm-none-eabi/10.3.1/thumb/v7e-m+fp/hard/crtbegin.o

.pwr_mgmt_data  0x000000000000d588        0x0
                0x000000000000d588                PROVIDE (__start_pwr_mgmt_data = .)
 *(SORT_BY_NAME(.pwr_mgmt_data*))
                0x000000000000d588                PROVIDE (__stop_pwr_mgmt_data = .)

.log_const_data
                0x000000000000d588       0x68
                0x000000000000d588                PROVIDE (__start_log_const_data = .)
 *(SORT_BY_NAME(.log_const_data*))
 .log_const_data_CLOCK
                0x000000000000d588        0x8 _build/nrfx_clock.o
                0x000000000000d588                m_nrf_log_CLOCK_logs_data_const
 .log_const_data_GPIOTE
                0x000000000000d590        0x8 _build/nrfx_gpiote.o
                0x000000000000d590                m_nrf_log_GPIOTE_logs_data_const
 .log_const_data_PRS
                0x000000000000d598        0x8 _build/nrfx_prs.o
                0x000000000000d598                m_nrf_log_PRS_logs_data_const
 .log_const_data_PWM
                0x000000000000d5a0        0x8 _build/nrfx_pwm.o
                0x000000000000d5a0                m_nrf_log_PWM_logs_data_const
 .log_const_data_SAADC
                0x000000000000d5a8        0x8 _build/nrfx_saadc.o
                0x000000000000d5a8                m_nrf_log_SAADC_logs_data_const
 .log_const_data_SPIM
                0x000000000000d5b0        0x8 _build/nrfx_spim.o
                0x000000000000d5b0                m_nrf_log_SPIM_logs_data_const
 .log_const_data_TIMER
                0x000000000000d5b8        0x8 _build/nrfx_timer.o
                0x000000000000d5b8                m_nrf_log_TIMER_logs_data_const
 .log_const_data_TWIM
                0x000000000000d5c0        0x8 _build/nrfx_twim.o
                0x000000000000d5c0                m_nrf_log_TWIM_logs_data_const
 .log_const_data_UART
                0x000000000000d5c8        0x8 _build/nrfx_uart.o
                0x000000000000d5c8                m_nrf_log_UART_logs_data_const
 .log_const_data_UARTE
                0x000000000000d5d0        0x8 _build/nrfx_uarte.o
                0x000000000000d5d0                m_nrf_log_UARTE_logs_data_const
 .log_const_data_app
                0x000000000000d5d8        0x8 _build/nrf_log_frontend.o
                0x000000000000d5d8                m_nrf_log_app_logs_data_const
 .log_const_data_clock
                0x000000000000d5e0        0x8 _build/nrf_drv_clock.o
                0x000000000000d5e0                m_nrf_log_clock_logs_data_const
 .log_const_data_pwr_mgmt
                0x000000000000d5e8        0x8 _build/nrf_pwr_mgmt.o
                0x000000000000d5e8                m_nrf_log_pwr_mgmt_logs_data_const
                0x000000000000d5f0                PROVIDE (__stop_log_const_data = .)

.nrf_balloc     0x000000000000d5f0       0x14
                [!provide]                        PROVIDE (__start_nrf_balloc = .)
 *(.nrf_balloc)
 .nrf_balloc    0x000000000000d5f0       0x14 _build/nrf_log_frontend.o
                0x000000000000d5f0                log_mempool
                [!provide]                        PROVIDE (__stop_nrf_balloc = .)

.log_backends   0x000000000000d604       0x10
 .log_backends  0x000000000000d604       0x10 _build/nrf_log_default_backends.o

.nrf_queue      0x000000000000d614        0x0
                [!provide]                        PROVIDE (__start_nrf_queue = .)
 *(.nrf_queue)
                [!provide]                        PROVIDE (__stop_nrf_queue = .)

.cli_command    0x000000000000d614        0x0
                [!provide]                        PROVIDE (__start_cli_command = .)
 *(.cli_command)
                [!provide]                        PROVIDE (__stop_cli_command = .)

.sdh_stack_observers
                0x000000000000d614        0x0
                [!provide]                        PROVIDE (__start_sdh_stack_observers = .)
 *(SORT_BY_NAME(.sdh_stack_observers*))
                [!provide]                        PROVIDE (__stop_sdh_stack_observers = .)

.sdh_req_observers
                0x000000000000d614        0x0
                [!provide]                        PROVIDE (__start_sdh_req_observers = .)
 *(SORT_BY_NAME(.sdh_req_observers*))
                [!provide]                        PROVIDE (__stop_sdh_req_observers = .)

.sdh_state_observers
                0x000000000000d614        0x0
                [!provide]                        PROVIDE (__start_sdh_state_observers = .)
 *(SORT_BY_NAME(.sdh_state_observers*))
                [!provide]                        PROVIDE (__stop_sdh_state_observers = .)

.sdh_ant_observers
                0x000000000000d614        0x0
                [!provide]                        PROVIDE (__start_sdh_ant_observers = .)
 *(SORT_BY_NAME(.sdh_ant_observers*))
                [!provide]                        PROVIDE (__stop_sdh_ant_observers = .)

.sdh_ble_observers
                0x000000000000d614        0x0
                [!provide]                        PROVIDE (__start_sdh_ble_observers = .)
 *(SORT_BY_NAME(.sdh_ble_observers*))
                [!provide]                        PROVIDE (__stop_sdh_ble_observers = .)

.sdh_soc_observers
                0x000000000000d614        0x0
                [!provide]                        PROVIDE (__start_sdh_soc_observers = .)
 *(SORT_BY_NAME(.sdh_soc_observers*))
                [!provide]                        PROVIDE (__stop_sdh_soc_observers = .)

.crypto_data    0x000000000000d614        0x0
                [!provide]                        PROVIDE (__start_crypto_data = .)
 *(SORT_BY_NAME(.crypto_data*))
                [!provide]                        PROVIDE (__stop_crypto_data = .)

.ARM.extab
 *(.ARM.extab* .gnu.linkonce.armextab.*)
                0x000000000000d614                __exidx_start = .

.ARM.exidx      0x000000000000d614        0x8
 *(.ARM.exidx* .gnu.linkonce.armexidx.*)
 .ARM.exidx     0x000000000000d614        0x8 /opt/homebrew/Cellar/arm-none-eabi-gcc/10.3-2021.10/gcc/bin/../lib/gcc/arm-none-eabi/10.3.1/../../../../arm-none-eabi/lib/thumb/v7e-m+fp/hard/crt0.o
                                         0x10 (size before relaxing)
 .ARM.exidx     0x000000000000d61c        0x0 /opt/homebrew/Cellar/arm-none-eabi-gcc/10.3-2021.10/gcc/bin/../lib/gcc/arm-none-eabi/10.3.1/thumb/v7e-m+fp/hard/libgcc.a(_udivmoddi4.o)
                                          0x8 (size before relaxing)
                0x000000000000d61c                __exidx_end = .
                0x000000000000d61c                __etext = .

.rel.dyn        0x000000000000d61c        0x0
 .rel.iplt      0x000000000000d61c        0x0 /opt/homebrew/Cellar/arm-none-eabi-gcc/10.3-2021.10/gcc/bin/../lib/gcc/arm-none-eabi/10.3.1/thumb/v7e-m+fp/hard/crtbegin.o

.data           0x0000000020000000      0x9e0 load address 0x000000000000d61c
                0x0000000020000000                __data_start__ = .
 *(vtable)
 *(.data*)
 .data.m_uart   0x0000000020000000       0x14 _build/microbit_nrf_log_backend_uart.o
                0x0000000020000000                m_uart
 .data.log_backend_cb_uart_log_backend
                0x0000000020000014        0x8 _build/nrf_log_default_backends.o
 .data.SystemCoreClock
                0x000000002000001c        0x4 _build/system_nrf52833.o
                0x000000002000001c                SystemCoreClock
 .data._impure_ptr
                0x0000000020000020        0x4 /opt/homebrew/Cellar/arm-none-eabi-gcc/10.3-2021.10/gcc/bin/../lib/gcc/arm-none-eabi/10.3.1/../../../../arm-none-eabi/lib/thumb/v7e-m+fp/hard/libc.a(lib_a-impure.o)
                0x0000000020000020                _impure_ptr
 *fill*         0x0000000020000024        0x4 
 .data.impure_data
                0x0000000020000028      0x428 /opt/homebrew/Cellar/arm-none-eabi-gcc/10.3-2021.10/gcc/bin/../lib/gcc/arm-none-eabi/10.3.1/../../../../arm-none-eabi/lib/thumb/v7e-m+fp/hard/libc.a(lib_a-impure.o)
 .data.__atexit_recursive_mutex
                0x0000000020000450        0x4 /opt/homebrew/Cellar/arm-none-eabi-gcc/10.3-2021.10/gcc/bin/../lib/gcc/arm-none-eabi/10.3.1/../../../../arm-none-eabi/lib/thumb/v7e-m+fp/hard/libc.a(lib_a-__call_atexit.o)
                0x0000000020000450                __atexit_recursive_mutex
 .data.__malloc_av_
                0x0000000020000454      0x408 /opt/homebrew/Cellar/arm-none-eabi-gcc/10.3-2021.10/gcc/bin/../lib/gcc/arm-none-eabi/10.3.1/../../../../arm-none-eabi/lib/thumb/v7e-m+fp/hard/libc.a(lib_a-mallocr.o)
                0x0000000020000454                __malloc_av_
 .data.__malloc_sbrk_base
                0x000000002000085c        0x4 /opt/homebrew/Cellar/arm-none-eabi-gcc/10.3-2021.10/gcc/bin/../lib/gcc/arm-none-eabi/10.3.1/../../../../arm-none-eabi/lib/thumb/v7e-m+fp/hard/libc.a(lib_a-mallocr.o)
                0x000000002000085c                __malloc_sbrk_base
 .data.__malloc_trim_threshold
                0x0000000020000860        0x4 /opt/homebrew/Cellar/arm-none-eabi-gcc/10.3-2021.10/gcc/bin/../lib/gcc/arm-none-eabi/10.3.1/../../../../arm-none-eabi/lib/thumb/v7e-m+fp/hard/libc.a(lib_a-mallocr.o)
                0x0000000020000860                __malloc_trim_threshold
 .data.__global_locale
                0x0000000020000864      0x16c /opt/homebrew/Cellar/arm-none-eabi-gcc/10.3-2021.10/gcc/bin/../lib/gcc/arm-none-eabi/10.3.1/../../../../arm-none-eabi/lib/thumb/v7e-m+fp/hard/libc.a(lib_a-locale.o)
                0x0000000020000864                __global_locale
                0x00000000200009d0                . = ALIGN (0x4)
                0x00000000200009d0                PROVIDE (__preinit_array_start = .)
 *(.preinit_array)
                0x00000000200009d0                PROVIDE (__preinit_array_end = .)
                0x00000000200009d0                . = ALIGN (0x4)
                0x00000000200009d0                PROVIDE (__init_array_start = .)
 *(SORT_BY_NAME(.init_array.*))
 .init_array.00000
                0x00000000200009d0        0x4 /opt/homebrew/Cellar/arm-none-eabi-gcc/10.3-2021.10/gcc/bin/../lib/gcc/arm-none-eabi/10.3.1/../../../../arm-none-eabi/lib/thumb/v7e-m+fp/hard/libc.a(lib_a-__call_atexit.o)
 *(.init_array)
 .init_array    0x00000000200009d4        0x4 /opt/homebrew/Cellar/arm-none-eabi-gcc/10.3-2021.10/gcc/bin/../lib/gcc/arm-none-eabi/10.3.1/thumb/v7e-m+fp/hard/crtbegin.o
 .init_array    0x00000000200009d8        0x4 _build/microbit_before_startup.o
                0x00000000200009dc                PROVIDE (__init_array_end = .)
                0x00000000200009dc                . = ALIGN (0x4)
                0x00000000200009dc                PROVIDE (__fini_array_start = .)
 *(SORT_BY_NAME(.fini_array.*))
 *(.fini_array)
 .fini_array    0x00000000200009dc        0x4 /opt/homebrew/Cellar/arm-none-eabi-gcc/10.3-2021.10/gcc/bin/../lib/gcc/arm-none-eabi/10.3.1/thumb/v7e-m+fp/hard/crtbegin.o
                0x00000000200009e0                PROVIDE (__fini_array_end = .)
 *(.jcr*)
                0x00000000200009e0                . = ALIGN (0x4)
                0x00000000200009e0                __data_end__ = .
LOAD /opt/homebrew/Cellar/arm-none-eabi-gcc/10.3-2021.10/gcc/bin/../lib/gcc/arm-none-eabi/10.3.1/thumb/v7e-m+fp/hard/crti.o
LOAD /opt/homebrew/Cellar/arm-none-eabi-gcc/10.3-2021.10/gcc/bin/../lib/gcc/arm-none-eabi/10.3.1/thumb/v7e-m+fp/hard/crtbegin.o
LOAD /opt/homebrew/Cellar/arm-none-eabi-gcc/10.3-2021.10/gcc/bin/../lib/gcc/arm-none-eabi/10.3.1/../../../../arm-none-eabi/lib/thumb/v7e-m+fp/hard/crt0.o
START GROUP
LOAD _build/main.o
LOAD _build/better_error_handling.o
LOAD _build/microbit_before_startup.o
LOAD _build/microbit_nrf_log_backend_uart.o
LOAD _build/microbit_retarget.o
LOAD _build/app_error_handler_gcc.o
LOAD _build/app_fifo.o
LOAD _build/app_scheduler.o
LOAD _build/app_timer.o
LOAD _build/app_uart_fifo.o
LOAD _build/app_util_platform.o
LOAD _build/hardfault_handler_gcc.o
LOAD _build/nrf_assert.o
LOAD _build/nrf_atomic.o
LOAD _build/nrf_balloc.o
LOAD _build/nrf_drv_clock.o
LOAD _build/nrf_drv_twi.o
LOAD _build/nrf_drv_uart.o
LOAD _build/nrf_fprintf.o
LOAD _build/nrf_fprintf_format.o
LOAD _build/nrf_log_backend_rtt.o
LOAD _build/nrf_log_backend_serial.o
LOAD _build/nrf_log_default_backends.o
LOAD _build/nrf_log_frontend.o
LOAD _build/nrf_log_str_formatter.o
LOAD _build/nrf_memobj.o
LOAD _build/nrf_nvmc.o
LOAD _build/nrf_pwr_mgmt.o
LOAD _build/nrf_queue.o
LOAD _build/nrf_ringbuf.o
LOAD _build/nrf_sdh.o
LOAD _build/nrf_section_iter.o
LOAD _build/nrf_serial.o
LOAD _build/nrf_strerror.o
LOAD _build/nrf_twi_mngr.o
LOAD _build/nrfx_clock.o
LOAD _build/nrfx_gpiote.o
LOAD _build/nrfx_ppi.o
LOAD _build/nrfx_prs.o
LOAD _build/nrfx_pwm.o
LOAD _build/nrfx_saadc.o
LOAD _build/nrfx_spim.o
LOAD _build/nrfx_timer.o
LOAD _build/nrfx_twi.o
LOAD _build/nrfx_twim.o
LOAD _build/nrfx_uart.o
LOAD _build/nrfx_uarte.o
LOAD _build/system_nrf52833.o
LOAD _build/app_error_weak.o
LOAD _build/gcc_startup_nrf52833.os
LOAD /opt/homebrew/Cellar/arm-none-eabi-gcc/10.3-2021.10/gcc/bin/../lib/gcc/arm-none-eabi/10.3.1/../../../../arm-none-eabi/lib/thumb/v7e-m+fp/hard/libc.a
LOAD /opt/homebrew/Cellar/arm-none-eabi-gcc/10.3-2021.10/gcc/bin/../lib/gcc/arm-none-eabi/10.3.1/../../../../arm-none-eabi/lib/thumb/v7e-m+fp/hard/libnosys.a
LOAD /opt/homebrew/Cellar/arm-none-eabi-gcc/10.3-2021.10/gcc/bin/../lib/gcc/arm-none-eabi/10.3.1/../../../../arm-none-eabi/lib/thumb/v7e-m+fp/hard/libm.a
LOAD /opt/homebrew/Cellar/arm-none-eabi-gcc/10.3-2021.10/gcc/bin/../lib/gcc/arm-none-eabi/10.3.1/../../../../arm-none-eabi/lib/thumb/v7e-m+fp/hard/libstdc++.a
END GROUP
START GROUP
LOAD /opt/homebrew/Cellar/arm-none-eabi-gcc/10.3-2021.10/gcc/bin/../lib/gcc/arm-none-eabi/10.3.1/thumb/v7e-m+fp/hard/libgcc.a
LOAD /opt/homebrew/Cellar/arm-none-eabi-gcc/10.3-2021.10/gcc/bin/../lib/gcc/arm-none-eabi/10.3.1/../../../../arm-none-eabi/lib/thumb/v7e-m+fp/hard/libc.a
END GROUP
LOAD /opt/homebrew/Cellar/arm-none-eabi-gcc/10.3-2021.10/gcc/bin/../lib/gcc/arm-none-eabi/10.3.1/thumb/v7e-m+fp/hard/crtend.o
LOAD /opt/homebrew/Cellar/arm-none-eabi-gcc/10.3-2021.10/gcc/bin/../lib/gcc/arm-none-eabi/10.3.1/thumb/v7e-m+fp/hard/crtn.o
START GROUP
LOAD /opt/homebrew/Cellar/arm-none-eabi-gcc/10.3-2021.10/gcc/bin/../lib/gcc/arm-none-eabi/10.3.1/thumb/v7e-m+fp/hard/libgcc.a
LOAD /opt/homebrew/Cellar/arm-none-eabi-gcc/10.3-2021.10/gcc/bin/../lib/gcc/arm-none-eabi/10.3.1/../../../../arm-none-eabi/lib/thumb/v7e-m+fp/hard/libc.a
LOAD /opt/homebrew/Cellar/arm-none-eabi-gcc/10.3-2021.10/gcc/bin/../lib/gcc/arm-none-eabi/10.3.1/../../../../arm-none-eabi/lib/thumb/v7e-m+fp/hard/libnosys.a
END GROUP
                0x0000000000001000                FLASH_PAGE_SIZE = 0x1000
                0x0000000000000004                FLASH_DATA_PAGES_USED = 0x4

.igot.plt       0x00000000200009e0        0x0 load address 0x000000000000dffc
 .igot.plt      0x00000000200009e0        0x0 /opt/homebrew/Cellar/arm-none-eabi-gcc/10.3-2021.10/gcc/bin/../lib/gcc/arm-none-eabi/10.3.1/thumb/v7e-m+fp/hard/crtbegin.o
                0x00000000200009e0                . = ALIGN (0x4)

.svc_data       0x00000000200009e0        0x0
                [!provide]                        PROVIDE (__start_svc_data = .)
 *(.svc_data)
                [!provide]                        PROVIDE (__stop_svc_data = .)

.fs_data        0x00000000200009e0        0x0
                [!provide]                        PROVIDE (__start_fs_data = .)
 *(.fs_data)
                [!provide]                        PROVIDE (__stop_fs_data = .)

.log_dynamic_data
                0x00000000200009e0        0x0
                0x00000000200009e0                PROVIDE (__start_log_dynamic_data = .)
 *(SORT_BY_NAME(.log_dynamic_data*))
                [!provide]                        PROVIDE (__stop_log_dynamic_data = .)

.cli_sorted_cmd_ptrs
                0x00000000200009e0        0x0
                [!provide]                        PROVIDE (__start_cli_sorted_cmd_ptrs = .)
 *(.cli_sorted_cmd_ptrs)
                [!provide]                        PROVIDE (__stop_cli_sorted_cmd_ptrs = .)

.bss            0x00000000200009e0      0x940 load address 0x000000000000dffc
                0x00000000200009e0                . = ALIGN (0x4)
                0x00000000200009e0                __bss_start__ = .
 *(.bss*)
 .bss           0x00000000200009e0       0x1c /opt/homebrew/Cellar/arm-none-eabi-gcc/10.3-2021.10/gcc/bin/../lib/gcc/arm-none-eabi/10.3.1/thumb/v7e-m+fp/hard/crtbegin.o
 .bss.led_timer_data
                0x00000000200009fc       0x20 _build/main.o
 .bss.m_async_mode
                0x0000000020000a1c        0x1 _build/microbit_nrf_log_backend_uart.o
 .bss.m_string_buff
                0x0000000020000a1d       0x40 _build/microbit_nrf_log_backend_uart.o
 .bss.m_xfer_done
                0x0000000020000a5d        0x1 _build/microbit_nrf_log_backend_uart.o
 *fill*         0x0000000020000a5e        0x2 
 .bss.m_op_queue
                0x0000000020000a60      0x10c _build/app_timer.o
 .bss.m_rtc1_reset
                0x0000000020000b6c        0x1 _build/app_timer.o
 .bss.m_rtc1_running
                0x0000000020000b6d        0x1 _build/app_timer.o
 *fill*         0x0000000020000b6e        0x2 
 .bss.m_ticks_elapsed
                0x0000000020000b70        0x8 _build/app_timer.o
 .bss.m_ticks_elapsed_q_read_ind
                0x0000000020000b78        0x1 _build/app_timer.o
 .bss.m_ticks_elapsed_q_write_ind
                0x0000000020000b79        0x1 _build/app_timer.o
 *fill*         0x0000000020000b7a        0x2 
 .bss.m_ticks_latest
                0x0000000020000b7c        0x4 _build/app_timer.o
 .bss.mp_timer_id_head
                0x0000000020000b80        0x4 _build/app_timer.o
 .bss.m_in_critical_region
                0x0000000020000b84        0x4 _build/app_util_platform.o
 .bss.m_contexts
                0x0000000020000b88        0x8 _build/nrf_drv_uart.o
 .bss.m_handlers
                0x0000000020000b90        0x8 _build/nrf_drv_uart.o
 .bss.nrf_drv_uart_use_easy_dma
                0x0000000020000b98        0x2 _build/nrf_drv_uart.o
                0x0000000020000b98                nrf_drv_uart_use_easy_dma
 *fill*         0x0000000020000b9a        0x2 
 .bss.log_mempool_nrf_balloc_cb
                0x0000000020000b9c        0x8 _build/nrf_log_frontend.o
 .bss.log_mempool_nrf_balloc_pool_mem
                0x0000000020000ba4       0xc0 _build/nrf_log_frontend.o
 .bss.log_mempool_nrf_balloc_pool_stack
                0x0000000020000c64        0x8 _build/nrf_log_frontend.o
 .bss.m_log_data
                0x0000000020000c6c      0x424 _build/nrf_log_frontend.o
 .bss.m_log_push_ringbuf_buf
                0x0000000020001090       0x80 _build/nrf_log_frontend.o
 .bss.m_log_push_ringbuf_cb
                0x0000000020001110       0x18 _build/nrf_log_frontend.o
 .bss.m_clock_cb
                0x0000000020001128        0x8 _build/nrfx_clock.o
 .bss.m_cb      0x0000000020001130       0x68 _build/nrfx_gpiote.o
 .bss.m_prs_box_4
                0x0000000020001198        0x8 _build/nrfx_prs.o
 .bss.m_cb      0x00000000200011a0       0x10 _build/nrfx_pwm.o
 .bss.m_cb      0x00000000200011b0       0x30 _build/nrfx_saadc.o
 .bss.m_cb      0x00000000200011e0       0x24 _build/nrfx_spim.o
 .bss.m_cb      0x0000000020001204       0x18 _build/nrfx_timer.o
 .bss.m_cb      0x000000002000121c       0x68 _build/nrfx_twim.o
 .bss.m_cb      0x0000000020001284       0x2c _build/nrfx_uart.o
 .bss.m_cb      0x00000000200012b0       0x24 _build/nrfx_uarte.o
 .bss.__lock___atexit_recursive_mutex
                0x00000000200012d4        0x1 /opt/homebrew/Cellar/arm-none-eabi-gcc/10.3-2021.10/gcc/bin/../lib/gcc/arm-none-eabi/10.3.1/../../../../arm-none-eabi/lib/thumb/v7e-m+fp/hard/libc.a(lib_a-lock.o)
                0x00000000200012d4                __lock___atexit_recursive_mutex
 *fill*         0x00000000200012d5        0x3 
 .bss.__lock___malloc_recursive_mutex
                0x00000000200012d8        0x1 /opt/homebrew/Cellar/arm-none-eabi-gcc/10.3-2021.10/gcc/bin/../lib/gcc/arm-none-eabi/10.3.1/../../../../arm-none-eabi/lib/thumb/v7e-m+fp/hard/libc.a(lib_a-lock.o)
                0x00000000200012d8                __lock___malloc_recursive_mutex
 *fill*         0x00000000200012d9        0x3 
 .bss.__lock___sfp_recursive_mutex
                0x00000000200012dc        0x1 /opt/homebrew/Cellar/arm-none-eabi-gcc/10.3-2021.10/gcc/bin/../lib/gcc/arm-none-eabi/10.3.1/../../../../arm-none-eabi/lib/thumb/v7e-m+fp/hard/libc.a(lib_a-lock.o)
                0x00000000200012dc                __lock___sfp_recursive_mutex
 *fill*         0x00000000200012dd        0x3 
 .bss.__lock___sinit_recursive_mutex
                0x00000000200012e0        0x1 /opt/homebrew/Cellar/arm-none-eabi-gcc/10.3-2021.10/gcc/bin/../lib/gcc/arm-none-eabi/10.3.1/../../../../arm-none-eabi/lib/thumb/v7e-m+fp/hard/libc.a(lib_a-lock.o)
                0x00000000200012e0                __lock___sinit_recursive_mutex
 *fill*         0x00000000200012e1        0x3 
 .bss.__malloc_current_mallinfo
                0x00000000200012e4       0x28 /opt/homebrew/Cellar/arm-none-eabi-gcc/10.3-2021.10/gcc/bin/../lib/gcc/arm-none-eabi/10.3.1/../../../../arm-none-eabi/lib/thumb/v7e-m+fp/hard/libc.a(lib_a-mallocr.o)
                0x00000000200012e4                __malloc_current_mallinfo
 .bss.__malloc_max_sbrked_mem
                0x000000002000130c        0x4 /opt/homebrew/Cellar/arm-none-eabi-gcc/10.3-2021.10/gcc/bin/../lib/gcc/arm-none-eabi/10.3.1/../../../../arm-none-eabi/lib/thumb/v7e-m+fp/hard/libc.a(lib_a-mallocr.o)
                0x000000002000130c                __malloc_max_sbrked_mem
 .bss.__malloc_max_total_mem
                0x0000000020001310        0x4 /opt/homebrew/Cellar/arm-none-eabi-gcc/10.3-2021.10/gcc/bin/../lib/gcc/arm-none-eabi/10.3.1/../../../../arm-none-eabi/lib/thumb/v7e-m+fp/hard/libc.a(lib_a-mallocr.o)
                0x0000000020001310                __malloc_max_total_mem
 .bss.__malloc_top_pad
                0x0000000020001314        0x4 /opt/homebrew/Cellar/arm-none-eabi-gcc/10.3-2021.10/gcc/bin/../lib/gcc/arm-none-eabi/10.3.1/../../../../arm-none-eabi/lib/thumb/v7e-m+fp/hard/libc.a(lib_a-mallocr.o)
                0x0000000020001314                __malloc_top_pad
 .bss.errno     0x0000000020001318        0x4 /opt/homebrew/Cellar/arm-none-eabi-gcc/10.3-2021.10/gcc/bin/../lib/gcc/arm-none-eabi/10.3.1/../../../../arm-none-eabi/lib/thumb/v7e-m+fp/hard/libc.a(lib_a-reent.o)
                0x0000000020001318                errno
 .bss.heap_end.0
                0x000000002000131c        0x4 /opt/homebrew/Cellar/arm-none-eabi-gcc/10.3-2021.10/gcc/bin/../lib/gcc/arm-none-eabi/10.3.1/../../../../arm-none-eabi/lib/thumb/v7e-m+fp/hard/libnosys.a(sbrk.o)
 *(COMMON)
                0x0000000020001320                . = ALIGN (0x4)
                0x0000000020001320                __bss_end__ = .

.heap           0x0000000020001320     0x2000